Archive member included because of file (symbol)

contiki-sky.a(rimeaddr.o)     obj_sky/contiki-sky-main.o (rimeaddr_copy)
contiki-sky.a(csma.o)         obj_sky/contiki-sky-main.o (csma_driver)
contiki-sky.a(contikimac.o)   obj_sky/contiki-sky-main.o (contikimac_driver)
contiki-sky.a(phase.o)        contiki-sky.a(contikimac.o) (phase_update)
contiki-sky.a(process.o)      obj_sky/contiki-sky-main.o (process_init)
contiki-sky.a(autostart.o)    obj_sky/contiki-sky-main.o (autostart_start)
contiki-sky.a(compower.o)     contiki-sky.a(contikimac.o) (compower_idle_activity)
contiki-sky.a(memb.o)         contiki-sky.a(csma.o) (memb_init)
contiki-sky.a(timer.o)        obj_sky/contiki-sky-main.o (timer_set)
contiki-sky.a(list.o)         contiki-sky.a(csma.o) (list_init)
contiki-sky.a(etimer.o)       obj_sky/contiki-sky-main.o (etimer_process)
contiki-sky.a(ctimer.o)       obj_sky/contiki-sky-main.o (ctimer_init)
contiki-sky.a(energest.o)     obj_sky/contiki-sky-main.o (energest_init)
contiki-sky.a(rtimer.o)       obj_sky/contiki-sky-main.o (rtimer_init)
contiki-sky.a(random.o)       obj_sky/contiki-sky-main.o (random_init)
contiki-sky.a(nbr-table.o)    contiki-sky.a(phase.o) (nbr_table_register)
contiki-sky.a(packetbuf.o)    contiki-sky.a(contikimac.o) (packetbuf_hdr_remove)
contiki-sky.a(queuebuf.o)     obj_sky/contiki-sky-main.o (queuebuf_init)
contiki-sky.a(sicslowpan.o)   obj_sky/contiki-sky-main.o (sicslowpan_driver)
contiki-sky.a(tcpip.o)        contiki-sky.a(sicslowpan.o) (tcpip_set_outputfunc)
contiki-sky.a(uip-ds6-route.o)
                              contiki-sky.a(tcpip.o) (uip_ds6_route_nexthop)
contiki-sky.a(uip-ds6-nbr.o)  contiki-sky.a(tcpip.o) (uip_ds6_nbr_add)
contiki-sky.a(uip-ds6.o)      contiki-sky.a(tcpip.o) (uip_ds6_is_addr_onlink)
contiki-sky.a(uip-nd6.o)      contiki-sky.a(tcpip.o) (uip_nd6_ns_output)
contiki-sky.a(uip6.o)         contiki-sky.a(sicslowpan.o) (uip_aligned_buf)
contiki-sky.a(rest.o)         sensor.co (rest_init)
contiki-sky.a(contiki-sky-pla)
                              obj_sky/contiki-sky-main.o (init_platform)
contiki-sky.a(button-sensor.o)
                              contiki-sky.a(contiki-sky-pla) (button_sensor)
contiki-sky.a(ds2411.o)       obj_sky/contiki-sky-main.o (ds2411_init)
contiki-sky.a(xmem.o)         obj_sky/contiki-sky-main.o (xmem_init)
contiki-sky.a(node-id.o)      obj_sky/contiki-sky-main.o (node_id_restore)
contiki-sky.a(sensors.o)      contiki-sky.a(button-sensor.o) (sensors_changed)
contiki-sky.a(cc2420.o)       obj_sky/contiki-sky-main.o (cc2420_set_channel)
contiki-sky.a(cc2420-arch.o)  contiki-sky.a(cc2420.o) (cc2420_arch_init)
contiki-sky.a(uart1.o)        obj_sky/contiki-sky-main.o (uart1_active)
contiki-sky.a(uart1-putchar.o)
                              obj_sky/contiki-sky-main.o (putchar)
contiki-sky.a(msp430.o)       contiki-sky.a(uart1.o) (msp430_add_lpm_req)
contiki-sky.a(clock.o)        contiki-sky.a(timer.o) (clock_time)
contiki-sky.a(leds.o)         obj_sky/contiki-sky-main.o (leds_init)
contiki-sky.a(leds-arch.o)    contiki-sky.a(leds.o) (leds_arch_init)
contiki-sky.a(watchdog.o)     obj_sky/contiki-sky-main.o (watchdog_start)
contiki-sky.a(rtimer-arch.o)  contiki-sky.a(rtimer.o) (rtimer_arch_init)
contiki-sky.a(mac.o)          contiki-sky.a(csma.o) (mac_call_sent_callback)
contiki-sky.a(framer-802154.o)
                              contiki-sky.a(contikimac.o) (framer_802154)
contiki-sky.a(rpl.o)          contiki-sky.a(uip-ds6-nbr.o) (rpl_link_neighbor_callback)
contiki-sky.a(rpl-dag.o)      contiki-sky.a(rpl.o) (rpl_dag_init)
contiki-sky.a(rpl-icmp6.o)    contiki-sky.a(rpl.o) (dao_output_target)
contiki-sky.a(rpl-timers.o)   contiki-sky.a(rpl.o) (rpl_reset_periodic_timer)
contiki-sky.a(rpl-mrhof.o)    contiki-sky.a(rpl-dag.o) (rpl_mrhof)
contiki-sky.a(rpl-ext-header.)
                              contiki-sky.a(uip6.o) (rpl_verify_header)
contiki-sky.a(stimer.o)       contiki-sky.a(tcpip.o) (stimer_set)
contiki-sky.a(uip-icmp6.o)    contiki-sky.a(uip6.o) (uip_icmp6_echo_request_input)
contiki-sky.a(coap-server.o)  contiki-sky.a(rest.o) (coap_set_service_callback)
contiki-sky.a(rest-util.o)    contiki-sky.a(coap-server.o) (get_variable)
contiki-sky.a(buffer.o)       contiki-sky.a(coap-server.o) (delete_buffer)
contiki-sky.a(spi.o)          contiki-sky.a(xmem.o) (spi_init)
contiki-sky.a(frame802154.o)  contiki-sky.a(framer-802154.o) (frame802154_hdrlen)
contiki-sky.a(uip-udp-packet.)
                              contiki-sky.a(coap-server.o) (uip_udp_packet_send)
contiki-sky.a(coap-common.o)  contiki-sky.a(coap-server.o) (init_packet)
/usr/local/msp430/bin/../lib/gcc/msp430/4.7.0/mmpy-16/libgcc.a(_mulsi3.o)
                              contiki-sky.a(csma.o) (__mulsi3)
/usr/local/msp430/bin/../lib/gcc/msp430/4.7.0/mmpy-16/libgcc.a(_udivmod16.o)
                              contiki-sky.a(rpl-dag.o) (__udivhi3)
/usr/local/msp430/bin/../lib/gcc/msp430/4.7.0/mmpy-16/libgcc.a(_divmod16.o)
[...]
Memory Configuration

Name             Origin             Length             Attributes
sfr              0x00000000         0x00000010
peripheral_8bit  0x00000010         0x000000f0
peripheral_16bit 0x00000100         0x00000100
ram_mirror       0x00000200         0x00000800         xw
infomem          0x00001000         0x00000100
infob            0x00001000         0x00000080
infoa            0x00001080         0x00000080
ram              0x00001100         0x00002800         xw
rom              0x00004000         0x0000bfe0         xr
vectors          0x0000ffe0         0x00000020
bsl              0x00000000         0x00000000
infoc            0x00000000         0x00000000
infod            0x00000000         0x00000000
ram2             0x00000000         0x00000000         xw
usbram           0x00000000         0x00000000         xw
far_rom          0x00000000         0x00000000
*default*        0x00000000         0xffffffff

Linker script and memory map

LOAD /usr/local/msp430/bin/../lib/gcc/msp430/4.7.0/mmpy-16/crt0ivtbl16.o
LOAD sensor.co
LOAD obj_sky/contiki-sky-main.o
LOAD contiki-sky.a
LOAD /usr/local/msp430/bin/../lib/gcc/msp430/4.7.0/mmpy-16/libgcc.a
LOAD /usr/local/msp430/bin/../lib/gcc/msp430/4.7.0/../../../../msp430/lib/mmpy-16/libc.a
LOAD /usr/local/msp430/bin/../lib/gcc/msp430/4.7.0/mmpy-16/libgcc.a
LOAD /usr/local/msp430/bin/../lib/gcc/msp430/4.7.0/mmpy-16/libcrt0.a
                0x00000080                PROVIDE (__info_segment_size, 0x80)
                0x00001000                PROVIDE (__infob, 0x1000)
                0x00001080                PROVIDE (__infoa, 0x1080)
                0x00000000                __IE1 = 0x0
                0x00000002                __IFG1 = 0x2
                0x00000004                __ME1 = 0x4
                0x00000001                __IE2 = 0x1
                0x00000003                __IFG2 = 0x3
                0x00000005                __ME2 = 0x5
                0x00000120                __WDTCTL = 0x120
                0x00000130                __MPY = 0x130
                0x00000132                __MPYS = 0x132
                0x00000134                __MAC = 0x134
                0x00000136                __MACS = 0x136
                0x00000138                __OP2 = 0x138
                0x0000013a                __RESLO = 0x13a
                0x0000013c                __RESHI = 0x13c
                0x0000013e                __SUMEXT = 0x13e
                0x00000020                __P1IN = 0x20
                0x00000021                __P1OUT = 0x21
                0x00000022                __P1DIR = 0x22
                0x00000023                __P1IFG = 0x23
                0x00000024                __P1IES = 0x24
                0x00000025                __P1IE = 0x25
                0x00000026                __P1SEL = 0x26
                0x00000028                __P2IN = 0x28
                0x00000029                __P2OUT = 0x29
                0x0000002a                __P2DIR = 0x2a
                0x0000002b                __P2IFG = 0x2b
                0x0000002c                __P2IES = 0x2c
                0x0000002d                __P2IE = 0x2d
                0x0000002e                __P2SEL = 0x2e
                0x00000018                __P3IN = 0x18
                0x00000019                __P3OUT = 0x19
                0x0000001a                __P3DIR = 0x1a
                0x0000001b                __P3SEL = 0x1b
                0x0000001c                __P4IN = 0x1c
                0x0000001d                __P4OUT = 0x1d
                0x0000001e                __P4DIR = 0x1e
                0x0000001f                __P4SEL = 0x1f
                0x00000030                __P5IN = 0x30
                0x00000031                __P5OUT = 0x31
                0x00000032                __P5DIR = 0x32
                0x00000033                __P5SEL = 0x33
                0x00000034                __P6IN = 0x34
                0x00000035                __P6OUT = 0x35
                0x00000036                __P6DIR = 0x36
                0x00000037                __P6SEL = 0x37
                0x00000070                __U0CTL = 0x70
                0x00000071                __U0TCTL = 0x71
                0x00000072                __U0RCTL = 0x72
                0x00000073                __U0MCTL = 0x73
                0x00000074                __U0BR0 = 0x74
                0x00000075                __U0BR1 = 0x75
                0x00000076                __U0RXBUF = 0x76
                0x00000077                __U0TXBUF = 0x77
                0x00000078                __U1CTL = 0x78
                0x00000079                __U1TCTL = 0x79
                0x0000007a                __U1RCTL = 0x7a
                0x0000007b                __U1MCTL = 0x7b
                0x0000007c                __U1BR0 = 0x7c
                0x0000007d                __U1BR1 = 0x7d
                0x0000007e                __U1RXBUF = 0x7e
                0x0000007f                __U1TXBUF = 0x7f
                0x00000050                __I2CIE = 0x50
                0x00000051                __I2CIFG = 0x51
                0x00000052                __I2CNDAT = 0x52
                0x00000071                __I2CTCTL = 0x71
                0x00000072                __I2CDCTL = 0x72
                0x00000073                __I2CPSC = 0x73
                0x00000074                __I2CSCLH = 0x74
                0x00000075                __I2CSCLL = 0x75
                0x00000076                __I2CDRB = 0x76
                0x00000076                __I2CDRW = 0x76
                0x00000118                __I2COA = 0x118
                0x0000011a                __I2CSA = 0x11a
                0x0000011c                __I2CIV = 0x11c
                0x0000012e                __TAIV = 0x12e
                0x00000160                __TACTL = 0x160
                0x00000162                __TACCTL0 = 0x162
                0x00000164                __TACCTL1 = 0x164
                0x00000166                __TACCTL2 = 0x166
                0x00000170                __TAR = 0x170
                0x00000172                __TACCR0 = 0x172
                0x00000174                __TACCR1 = 0x174
                0x00000176                __TACCR2 = 0x176
                0x0000011e                __TBIV = 0x11e
                0x00000180                __TBCTL = 0x180
                0x00000182                __TBCCTL0 = 0x182
                0x00000184                __TBCCTL1 = 0x184
                0x00000186                __TBCCTL2 = 0x186
                0x00000188                __TBCCTL3 = 0x188
                0x0000018a                __TBCCTL4 = 0x18a
                0x0000018c                __TBCCTL5 = 0x18c
                0x0000018e                __TBCCTL6 = 0x18e
                0x00000190                __TBR = 0x190
                0x00000192                __TBCCR0 = 0x192
                0x00000194                __TBCCR1 = 0x194
                0x00000196                __TBCCR2 = 0x196
                0x00000198                __TBCCR3 = 0x198
                0x0000019a                __TBCCR4 = 0x19a
                0x0000019c                __TBCCR5 = 0x19c
                0x0000019e                __TBCCR6 = 0x19e
                0x00000056                __DCOCTL = 0x56
                0x00000057                __BCSCTL1 = 0x57
                0x00000058                __BCSCTL2 = 0x58
                0x00000055                __SVSCTL = 0x55
                0x00000128                __FCTL1 = 0x128
                0x0000012a                __FCTL2 = 0x12a
                0x0000012c                __FCTL3 = 0x12c
                0x00000059                __CACTL1 = 0x59
                0x0000005a                __CACTL2 = 0x5a
                0x0000005b                __CAPD = 0x5b
                0x000001a0                __ADC12CTL0 = 0x1a0
                0x000001a2                __ADC12CTL1 = 0x1a2
                0x000001a4                __ADC12IFG = 0x1a4
                0x000001a6                __ADC12IE = 0x1a6
                0x000001a8                __ADC12IV = 0x1a8
                0x00000140                __ADC12MEM0 = 0x140
                0x00000142                __ADC12MEM1 = 0x142
                0x00000144                __ADC12MEM2 = 0x144
                0x00000146                __ADC12MEM3 = 0x146
                0x00000148                __ADC12MEM4 = 0x148
                0x0000014a                __ADC12MEM5 = 0x14a
                0x0000014c                __ADC12MEM6 = 0x14c
                0x0000014e                __ADC12MEM7 = 0x14e
                0x00000150                __ADC12MEM8 = 0x150
                0x00000152                __ADC12MEM9 = 0x152
                0x00000154                __ADC12MEM10 = 0x154
                0x00000156                __ADC12MEM11 = 0x156
                0x00000158                __ADC12MEM12 = 0x158
                0x0000015a                __ADC12MEM13 = 0x15a
                0x0000015c                __ADC12MEM14 = 0x15c
                0x0000015e                __ADC12MEM15 = 0x15e
                0x00000080                __ADC12MCTL0 = 0x80
                0x00000081                __ADC12MCTL1 = 0x81
                0x00000082                __ADC12MCTL2 = 0x82
                0x00000083                __ADC12MCTL3 = 0x83
                0x00000084                __ADC12MCTL4 = 0x84
                0x00000085                __ADC12MCTL5 = 0x85
                0x00000086                __ADC12MCTL6 = 0x86
                0x00000087                __ADC12MCTL7 = 0x87
                0x00000088                __ADC12MCTL8 = 0x88
                0x00000089                __ADC12MCTL9 = 0x89
                0x0000008a                __ADC12MCTL10 = 0x8a
                0x0000008b                __ADC12MCTL11 = 0x8b
                0x0000008c                __ADC12MCTL12 = 0x8c
                0x0000008d                __ADC12MCTL13 = 0x8d
                0x0000008e                __ADC12MCTL14 = 0x8e
                0x0000008f                __ADC12MCTL15 = 0x8f
                0x000001c0                __DAC12_0CTL = 0x1c0
                0x000001c2                __DAC12_1CTL = 0x1c2
                0x000001c8                __DAC12_0DAT = 0x1c8
                0x000001ca                __DAC12_1DAT = 0x1ca
                0x00000122                __DMACTL0 = 0x122
                0x00000124                __DMACTL1 = 0x124
                0x000001e0                __DMA0CTL = 0x1e0
                0x000001e8                __DMA1CTL = 0x1e8
                0x000001f0                __DMA2CTL = 0x1f0
                0x000001e2                __DMA0SA = 0x1e2
                0x000001e4                __DMA0DA = 0x1e4
                0x000001e6                __DMA0SZ = 0x1e6
                0x000001ea                __DMA1SA = 0x1ea
                0x000001ec                __DMA1DA = 0x1ec
                0x000001ee                __DMA1SZ = 0x1ee
                0x000001f2                __DMA2SA = 0x1f2
                0x000001f4                __DMA2DA = 0x1f4
                0x000001f6                __DMA2SZ = 0x1f6

.hash
 *(.hash)

.dynsym
 *(.dynsym)

.dynstr
 *(.dynstr)

.gnu.version
 *(.gnu.version)

.gnu.version_d
 *(.gnu.version_d)

.gnu.version_r
 *(.gnu.version_r)

.rel.init
 *(.rel.init)

.rela.init
 *(.rela.init)

.rel.fini
 *(.rel.fini)

.rela.fini
 *(.rela.fini)

.rel.text
 *(.rel.text .rel.text.* .rel.gnu.linkonce.t.*)

.rela.text
 *(.rela.text .rela.text.* .rela.gnu.linkonce.t.*)

.rel.rodata
 *(.rel.rodata .rel.rodata.* .rel.gnu.linkonce.r.*)

.rela.rodata
 *(.rela.rodata .rela.rodata.* .rela.gnu.linkonce.r.*)

.rel.data
 *(.rel.data .rel.data.* .rel.gnu.linkonce.d.*)

.rela.data
 *(.rela.data .rela.data.* .rela.gnu.linkonce.d.*)

.rel.bss
 *(.rel.bss .rel.bss.* .rel.gnu.linkonce.b.*)

.rela.bss
 *(.rela.bss .rela.bss.* .rela.gnu.linkonce.b.*)

.rel.ctors
 *(.rel.ctors)

.rela.ctors
 *(.rela.ctors)

.rel.dtors
 *(.rel.dtors)

.rela.dtors
 *(.rela.dtors)

.rel.got
 *(.rel.got)

.rela.got
 *(.rela.got)

.rel.plt
 *(.rel.plt)

.rela.plt
 *(.rela.plt)

.text           0x00004000     0xb1e6
                0x00004000                . = ALIGN (0x2)
 *(.init .init.*)
 *(.init0)
 .init0         0x00004000        0x0 /usr/local/msp430/bin/../lib/gcc/msp430/4.7.0/mmpy-16/libcrt0.a(_reset_vector__.o)
                0x00004000                _reset_vector__
 *(.init1)
 .init1         0x00004000        0xc /usr/local/msp430/bin/../lib/gcc/msp430/4.7.0/mmpy-16/libcrt0.a(__watchdog_support.o)
                0x00004000                __watchdog_support
 *(.init2)
 .init2         0x0000400c        0x4 /usr/local/msp430/bin/../lib/gcc/msp430/4.7.0/mmpy-16/libcrt0.a(__init_stack.o)
                0x0000400c                __init_stack
 *(.init3)
 .init3         0x00004010        0x0 /usr/local/msp430/bin/../lib/gcc/msp430/4.7.0/mmpy-16/libcrt0.a(__low_level_init.o)
                0x00004010                __low_level_init
 *(.init4)
 .init4         0x00004010       0x18 /usr/local/msp430/bin/../lib/gcc/msp430/4.7.0/mmpy-16/libcrt0.a(_copy_data.o)
                0x00004010                __do_copy_data
 .init4         0x00004028       0x16 /usr/local/msp430/bin/../lib/gcc/msp430/4.7.0/mmpy-16/libcrt0.a(_clear_bss.o)
                0x00004028                __do_clear_bss
 *(.init5)
 *(.init6)
 *(.init7)
 *(.init8)
 *(.init9)
 .init9         0x0000403e      0x362 obj_sky/contiki-sky-main.o
                0x0000403e                main
 *(.fini9)
 .fini9         0x000043a0        0x0 /usr/local/msp430/bin/../lib/gcc/msp430/4.7.0/mmpy-16/libcrt0.a(__stop_progExec__.o)
                0x000043a0                __stop_progExec__
 *(.fini8)
 *(.fini7)
 *(.fini6)
 *(.fini5)
 *(.fini4)
 *(.fini3)
 *(.fini2)
 *(.fini1)
 *(.fini0)
 .fini0         0x000043a0        0x6 /usr/local/msp430/bin/../lib/gcc/msp430/4.7.0/mmpy-16/libcrt0.a(_endless_loop__.o)
                0x000043a0                _endless_loop__
 *(.fini .fini.*)
                0x000043a6                . = ALIGN (0x2)
                0x000043a6                __ctors_start = .
 *(.ctors)
                0x000043a6                __ctors_end = .
                0x000043a6                __dtors_start = .
 *(.dtors)
                0x000043a6                __dtors_end = .
                0x000043a6                . = ALIGN (0x2)
 *(.text .text.* .gnu.linkonce.t.*)
 .text          0x000043a6        0x4 /usr/local/msp430/bin/../lib/gcc/msp430/4.7.0/mmpy-16/crt0ivtbl16.o
                0x000043a6                __isr_14
                0x000043a6                __isr_11
                0x000043a6                __isr_2
                0x000043a6                __isr_7
                0x000043a6                __isr_0
                0x000043a6                __isr_8
                0x000043a6                __isr_3
                0x000043a6                __isr_12
                0x000043a6                __isr_13
                0x000043a6                __isr_9
 .text.process_thread_coap_sensor
                0x000043aa       0x3a sensor.co
 .text.value_handler
                0x000043e4       0xa8 sensor.co
                0x000043e4                value_handler
 .text.discover_handler
                0x0000448c       0x72 sensor.co
                0x0000448c                discover_handler
 .text.printer_handler
                0x000044fe       0x36 sensor.co
                0x000044fe                printer_handler
 .text.rimeaddr_copy
                0x00004534        0x8 contiki-sky.a(rimeaddr.o)
                0x00004534                rimeaddr_copy
 .text.rimeaddr_cmp
                0x0000453c       0x12 contiki-sky.a(rimeaddr.o)
                0x0000453c                rimeaddr_cmp
 .text.rimeaddr_set_node_addr
                0x0000454e        0xc contiki-sky.a(rimeaddr.o)
                0x0000454e                rimeaddr_set_node_addr
 .text.input_packet
                0x0000455a        0x6 contiki-sky.a(csma.o)
 .text.on       0x00004560        0x6 contiki-sky.a(csma.o)
 .text.off      0x00004566        0x6 contiki-sky.a(csma.o)
 .text.channel_check_interval
                0x0000456c       0x10 contiki-sky.a(csma.o)
 .text.transmit_packet_list
                0x0000457c       0x24 contiki-sky.a(csma.o)
 .text.init     0x000045a0       0x1a contiki-sky.a(csma.o)
 .text.send_packet
                0x000045ba      0x164 contiki-sky.a(csma.o)
 .text.free_packet
                0x0000471e       0x9c contiki-sky.a(csma.o)
 .text.packet_sent
                0x000047ba      0x134 contiki-sky.a(csma.o)
 .text.duty_cycle
                0x000048ee        0x6 contiki-sky.a(contikimac.o)
 .text.init     0x000048f4       0x2e contiki-sky.a(contikimac.o)
 .text.on       0x00004922       0x1a contiki-sky.a(contikimac.o)
 .text.off      0x0000493c       0x22 contiki-sky.a(contikimac.o)
 .text.recv_burst_off
                0x0000495e        0xa contiki-sky.a(contikimac.o)
 .text.turn_off
                0x00004968       0x20 contiki-sky.a(contikimac.o)
 .text.turn_on  0x00004988       0x30 contiki-sky.a(contikimac.o)
 .text.schedule_powercycle_fixed.part.4
                0x000049b8       0x34 contiki-sky.a(contikimac.o)
 .text.powercycle_turn_radio_off
                0x000049ec       0x30 contiki-sky.a(contikimac.o)
 .text.input_packet
                0x00004a1c      0x11a contiki-sky.a(contikimac.o)
 .text.send_packet
                0x00004b36      0x2ac contiki-sky.a(contikimac.o)
 .text.qsend_list
                0x00004de2       0x82 contiki-sky.a(contikimac.o)
 .text.qsend_packet
                0x00004e64       0x28 contiki-sky.a(contikimac.o)
 .text.powercycle
                0x00004e8c      0x1de contiki-sky.a(contikimac.o)
 .text.send_packet
                0x0000506a       0x44 contiki-sky.a(phase.o)
 .text.phase_update
                0x000050ae       0x92 contiki-sky.a(phase.o)
                0x000050ae                phase_update
 .text.phase_wait
                0x00005140       0xf2 contiki-sky.a(phase.o)
                0x00005140                phase_wait
 .text.phase_init
                0x00005232       0x14 contiki-sky.a(phase.o)
                0x00005232                phase_init
 .text.call_process
                0x00005246       0x46 contiki-sky.a(process.o)
 .text.exit_process
                0x0000528c       0x96 contiki-sky.a(process.o)
 .text.do_poll  0x00005322       0x30 contiki-sky.a(process.o)
 .text.process_alloc_event
                0x00005352        0xe contiki-sky.a(process.o)
                0x00005352                process_alloc_event
 .text.process_init
                0x00005360       0x1c contiki-sky.a(process.o)
                0x00005360                process_init
 .text.process_run
                0x0000537c       0xa2 contiki-sky.a(process.o)
                0x0000537c                process_run
 .text.process_nevents
                0x0000541e        0xe contiki-sky.a(process.o)
                0x0000541e                process_nevents
 .text.process_post
                0x0000542c       0x54 contiki-sky.a(process.o)
                0x0000542c                process_post
 .text.process_post_synch
                0x00005480       0x12 contiki-sky.a(process.o)
                0x00005480                process_post_synch
 .text.process_start
                0x00005492       0x36 contiki-sky.a(process.o)
                0x00005492                process_start
 .text.process_poll
                0x000054c8       0x18 contiki-sky.a(process.o)
                0x000054c8                process_poll
 .text.autostart_start
                0x000054e0       0x16 contiki-sky.a(autostart.o)
                0x000054e0                autostart_start
 .text.compower_accumulate
                0x000054f6       0x72 contiki-sky.a(compower.o)
                0x000054f6                compower_accumulate
 .text.compower_clear
                0x00005568       0x12 contiki-sky.a(compower.o)
                0x00005568                compower_clear
 .text.compower_attrconv
                0x0000557a       0x10 contiki-sky.a(compower.o)
                0x0000557a                compower_attrconv
 .text.memb_init
                0x0000558a       0x36 contiki-sky.a(memb.o)
                0x0000558a                memb_init
 .text.memb_alloc
                0x000055c0       0x3e contiki-sky.a(memb.o)
                0x000055c0                memb_alloc
 .text.memb_free
                0x000055fe       0x3a contiki-sky.a(memb.o)
                0x000055fe                memb_free
 .text.memb_inmemb
                0x00005638       0x2a contiki-sky.a(memb.o)
                0x00005638                memb_inmemb
 .text.timer_set
                0x00005662       0x1c contiki-sky.a(timer.o)
                0x00005662                timer_set
 .text.timer_reset
                0x0000567e        0xe contiki-sky.a(timer.o)
                0x0000567e                timer_reset
 .text.timer_restart
                0x0000568c       0x14 contiki-sky.a(timer.o)
                0x0000568c                timer_restart
 .text.timer_expired
                0x000056a0       0x2a contiki-sky.a(timer.o)
                0x000056a0                timer_expired
 .text.list_init
                0x000056ca        0x6 contiki-sky.a(list.o)
                0x000056ca                list_init
 .text.list_head
                0x000056d0        0x4 contiki-sky.a(list.o)
                0x000056d0                list_head
 .text.list_tail
                0x000056d4       0x12 contiki-sky.a(list.o)
                0x000056d4                list_tail
 .text.list_remove
                0x000056e6       0x34 contiki-sky.a(list.o)
                0x000056e6                list_remove
 .text.list_push
                0x0000571a       0x1a contiki-sky.a(list.o)
                0x0000571a                list_push
 .text.list_add
                0x00005734       0x2a contiki-sky.a(list.o)
                0x00005734                list_add
 .text.list_length
                0x0000575e       0x10 contiki-sky.a(list.o)
                0x0000575e                list_length
 .text.list_item_next
                0x0000576e        0xc contiki-sky.a(list.o)
                0x0000576e                list_item_next
 .text.update_time
                0x0000577a       0x78 contiki-sky.a(etimer.o)
 .text.etimer_request_poll
                0x000057f2        0xa contiki-sky.a(etimer.o)
                0x000057f2                etimer_request_poll
 .text.process_thread_etimer_process
                0x000057fc       0xcc contiki-sky.a(etimer.o)
 .text.add_timer
                0x000058c8       0x40 contiki-sky.a(etimer.o)
 .text.etimer_set
                0x00005908       0x12 contiki-sky.a(etimer.o)
                0x00005908                etimer_set
 .text.etimer_reset
                0x0000591a       0x12 contiki-sky.a(etimer.o)
                0x0000591a                etimer_reset
 .text.etimer_restart
                0x0000592c       0x12 contiki-sky.a(etimer.o)
                0x0000592c                etimer_restart
 .text.etimer_expired
                0x0000593e        0xe contiki-sky.a(etimer.o)
                0x0000593e                etimer_expired
 .text.etimer_expiration_time
                0x0000594c       0x14 contiki-sky.a(etimer.o)
                0x0000594c                etimer_expiration_time
 .text.etimer_pending
                0x00005960        0xc contiki-sky.a(etimer.o)
                0x00005960                etimer_pending
 .text.etimer_next_expiration_time
                0x0000596c       0x16 contiki-sky.a(etimer.o)
                0x0000596c                etimer_next_expiration_time
 .text.etimer_stop
                0x00005982       0x3e contiki-sky.a(etimer.o)
                0x00005982                etimer_stop
 .text.process_thread_ctimer_process
                0x000059c0       0xa8 contiki-sky.a(ctimer.o)
 .text.ctimer_init
                0x00005a68       0x18 contiki-sky.a(ctimer.o)
                0x00005a68                ctimer_init
 .text.ctimer_set
                0x00005a80       0x5a contiki-sky.a(ctimer.o)
                0x00005a80                ctimer_set
 .text.ctimer_reset
                0x00005ada       0x3a contiki-sky.a(ctimer.o)
                0x00005ada                ctimer_reset
 .text.ctimer_stop
                0x00005b14       0x28 contiki-sky.a(ctimer.o)
                0x00005b14                ctimer_stop
 .text.energest_init
                0x00005b3c       0x26 contiki-sky.a(energest.o)
                0x00005b3c                energest_init
 .text.energest_type_time
                0x00005b62       0x48 contiki-sky.a(energest.o)
                0x00005b62                energest_type_time
 .text.energest_type_set
                0x00005baa        0xe contiki-sky.a(energest.o)
                0x00005baa                energest_type_set
 .text.energest_flush
                0x00005bb8       0x48 contiki-sky.a(energest.o)
                0x00005bb8                energest_flush
 .text.rtimer_init
                0x00005c00        0x6 contiki-sky.a(rtimer.o)
                0x00005c00                rtimer_init
 .text.rtimer_set
                0x00005c06       0x24 contiki-sky.a(rtimer.o)
                0x00005c06                rtimer_set
 .text.rtimer_run_next
                0x00005c2a       0x26 contiki-sky.a(rtimer.o)
                0x00005c2a                rtimer_run_next
 .text.random_init
                0x00005c50        0x6 contiki-sky.a(random.o)
                0x00005c50                random_init
 .text.random_rand
                0x00005c56        0x6 contiki-sky.a(random.o)
                0x00005c56                random_rand
 .text.item_from_index
                0x00005c5c       0x2a contiki-sky.a(nbr-table.o)
 .text.index_from_key
                0x00005c86       0x26 contiki-sky.a(nbr-table.o)
 .text.index_from_item
                0x00005cac       0x1e contiki-sky.a(nbr-table.o)
 .text.nbr_set_bit
                0x00005cca       0x58 contiki-sky.a(nbr-table.o)
 .text.index_from_lladdr
                0x00005d22       0x42 contiki-sky.a(nbr-table.o)
 .text.nbr_get_bit.constprop.0
                0x00005d64       0x2e contiki-sky.a(nbr-table.o)
 .text.nbr_table_register
                0x00005d92       0x26 contiki-sky.a(nbr-table.o)
                0x00005d92                nbr_table_register
 .text.nbr_table_next
                0x00005db8       0x54 contiki-sky.a(nbr-table.o)
                0x00005db8                nbr_table_next
 .text.nbr_table_head
                0x00005e0c       0x3a contiki-sky.a(nbr-table.o)
                0x00005e0c                nbr_table_head
 .text.nbr_table_add_lladdr
                0x00005e46      0x128 contiki-sky.a(nbr-table.o)
                0x00005e46                nbr_table_add_lladdr
 .text.nbr_table_get_from_lladdr
                0x00005f6e       0x2c contiki-sky.a(nbr-table.o)
                0x00005f6e                nbr_table_get_from_lladdr
 .text.nbr_table_remove
                0x00005f9a       0x32 contiki-sky.a(nbr-table.o)
                0x00005f9a                nbr_table_remove
 .text.nbr_table_lock
                0x00005fcc       0x10 contiki-sky.a(nbr-table.o)
                0x00005fcc                nbr_table_lock
 .text.nbr_table_unlock
                0x00005fdc       0x10 contiki-sky.a(nbr-table.o)
                0x00005fdc                nbr_table_unlock
 .text.nbr_table_get_lladdr
                0x00005fec       0x22 contiki-sky.a(nbr-table.o)
                0x00005fec                nbr_table_get_lladdr
 .text.packetbuf_copyto_hdr
                0x0000600e       0x1c contiki-sky.a(packetbuf.o)
                0x0000600e                packetbuf_copyto_hdr
 .text.packetbuf_copyto
                0x0000602a       0x52 contiki-sky.a(packetbuf.o)
                0x0000602a                packetbuf_copyto
 .text.packetbuf_hdr_remove
                0x0000607c        0x6 contiki-sky.a(packetbuf.o)
                0x0000607c                packetbuf_hdr_remove
 .text.packetbuf_hdrreduce
                0x00006082       0x1a contiki-sky.a(packetbuf.o)
                0x00006082                packetbuf_hdrreduce
 .text.packetbuf_set_datalen
                0x0000609c        0x6 contiki-sky.a(packetbuf.o)
                0x0000609c                packetbuf_set_datalen
 .text.packetbuf_dataptr
                0x000060a2        0xe contiki-sky.a(packetbuf.o)
                0x000060a2                packetbuf_dataptr
 .text.packetbuf_hdrptr
                0x000060b0        0xa contiki-sky.a(packetbuf.o)
                0x000060b0                packetbuf_hdrptr
 .text.packetbuf_is_reference
                0x000060ba        0xe contiki-sky.a(packetbuf.o)
                0x000060ba                packetbuf_is_reference
 .text.packetbuf_compact
                0x000060c8       0x48 contiki-sky.a(packetbuf.o)
                0x000060c8                packetbuf_compact
 .text.packetbuf_reference_ptr
                0x00006110        0x6 contiki-sky.a(packetbuf.o)
                0x00006110                packetbuf_reference_ptr
 .text.packetbuf_datalen
                0x00006116        0x6 contiki-sky.a(packetbuf.o)
                0x00006116                packetbuf_datalen
 .text.packetbuf_totlen
                0x0000611c       0x10 contiki-sky.a(packetbuf.o)
                0x0000611c                packetbuf_totlen
 .text.packetbuf_hdralloc
                0x0000612c       0x2e contiki-sky.a(packetbuf.o)
                0x0000612c                packetbuf_hdralloc
 .text.packetbuf_attr_clear
                0x0000615a       0x30 contiki-sky.a(packetbuf.o)
                0x0000615a                packetbuf_attr_clear
 .text.packetbuf_clear
                0x0000618a       0x1a contiki-sky.a(packetbuf.o)
                0x0000618a                packetbuf_clear
 .text.packetbuf_copyfrom
                0x000061a4       0x2e contiki-sky.a(packetbuf.o)
                0x000061a4                packetbuf_copyfrom
 .text.packetbuf_attr_copyto
                0x000061d2       0x22 contiki-sky.a(packetbuf.o)
                0x000061d2                packetbuf_attr_copyto
 .text.packetbuf_attr_copyfrom
                0x000061f4       0x24 contiki-sky.a(packetbuf.o)
                0x000061f4                packetbuf_attr_copyfrom
 .text.queuebuf_init
                0x00006218       0x1a contiki-sky.a(queuebuf.o)
                0x00006218                queuebuf_init
 .text.queuebuf_new_from_packetbuf
                0x00006232       0x7e contiki-sky.a(queuebuf.o)
                0x00006232                queuebuf_new_from_packetbuf
 .text.queuebuf_update_attr_from_packetbuf
                0x000062b0       0x12 contiki-sky.a(queuebuf.o)
                0x000062b0                queuebuf_update_attr_from_packetbuf
 .text.queuebuf_free
                0x000062c2       0x40 contiki-sky.a(queuebuf.o)
                0x000062c2                queuebuf_free
 .text.queuebuf_to_packetbuf
                0x00006302       0x6e contiki-sky.a(queuebuf.o)
                0x00006302                queuebuf_to_packetbuf
 .text.queuebuf_attr
                0x00006370        0xe contiki-sky.a(queuebuf.o)
                0x00006370                queuebuf_attr
 .text.set_packet_attrs
                0x0000637e       0x46 contiki-sky.a(sicslowpan.o)
 .text.addr_context_lookup_by_number
                0x000063c4       0x32 contiki-sky.a(sicslowpan.o)
 .text.compress_addr_64
                0x000063f6       0xae contiki-sky.a(sicslowpan.o)
 .text.uncompress_addr
                0x000064a4       0xb4 contiki-sky.a(sicslowpan.o)
 .text.input    0x00006558      0x624 contiki-sky.a(sicslowpan.o)
 .text.sicslowpan_init
                0x00006b7c       0x26 contiki-sky.a(sicslowpan.o)
                0x00006b7c                sicslowpan_init
 .text.addr_context_lookup_by_prefix
                0x00006ba2       0x4c contiki-sky.a(sicslowpan.o)
 .text.packet_sent
                0x00006bee       0x22 contiki-sky.a(sicslowpan.o)
 .text.send_packet
                0x00006c10       0x1a contiki-sky.a(sicslowpan.o)
 .text.output   0x00006c2a      0x6ee contiki-sky.a(sicslowpan.o)
 .text.start_periodic_tcp_timer
                0x00007318       0x16 contiki-sky.a(tcpip.o)
 .text.tcpip_output
                0x0000732e       0x10 contiki-sky.a(tcpip.o)
                0x0000732e                tcpip_output
 .text.tcpip_set_outputfunc
                0x0000733e        0x6 contiki-sky.a(tcpip.o)
                0x0000733e                tcpip_set_outputfunc
 .text.udp_new  0x00007344       0x1a contiki-sky.a(tcpip.o)
                0x00007344                udp_new
 .text.tcpip_input
                0x0000735e       0x16 contiki-sky.a(tcpip.o)
                0x0000735e                tcpip_input
 .text.tcpip_ipv6_output
                0x00007374      0x152 contiki-sky.a(tcpip.o)
                0x00007374                tcpip_ipv6_output
 .text.process_thread_tcpip_process
                0x000074c6      0x1d4 contiki-sky.a(tcpip.o)
 .text.tcpip_uipcall
                0x0000769a       0x70 contiki-sky.a(tcpip.o)
                0x0000769a                tcpip_uipcall
 .text.call_route_callback
                0x0000770a       0x4c contiki-sky.a(uip-ds6-route.o)
 .text.uip_ds6_route_init
                0x00007756       0x2e contiki-sky.a(uip-ds6-route.o)
                0x00007756                uip_ds6_route_init
 .text.uip_ds6_route_nexthop
                0x00007784       0x1a contiki-sky.a(uip-ds6-route.o)
                0x00007784                uip_ds6_route_nexthop
 .text.uip_ds6_route_head
                0x0000779e       0x28 contiki-sky.a(uip-ds6-route.o)
                0x0000779e                uip_ds6_route_head
 .text.uip_ds6_route_next
                0x000077c6       0x30 contiki-sky.a(uip-ds6-route.o)
                0x000077c6                uip_ds6_route_next
 .text.uip_ds6_route_lookup
                0x000077f6       0x5e contiki-sky.a(uip-ds6-route.o)
                0x000077f6                uip_ds6_route_lookup
 .text.uip_ds6_route_add
                0x00007854       0xb4 contiki-sky.a(uip-ds6-route.o)
                0x00007854                uip_ds6_route_add
 .text.uip_ds6_route_rm
                0x00007908       0x60 contiki-sky.a(uip-ds6-route.o)
                0x00007908                uip_ds6_route_rm
 .text.rm_routelist
                0x00007968       0x30 contiki-sky.a(uip-ds6-route.o)
 .text.rm_routelist_callback
                0x00007998        0x6 contiki-sky.a(uip-ds6-route.o)
 .text.uip_ds6_defrt_rm
                0x0000799e       0x48 contiki-sky.a(uip-ds6-route.o)
                0x0000799e                uip_ds6_defrt_rm
 .text.uip_ds6_defrt_lookup
                0x000079e6       0x36 contiki-sky.a(uip-ds6-route.o)
                0x000079e6                uip_ds6_defrt_lookup
 .text.uip_ds6_defrt_add
                0x00007a1c       0x74 contiki-sky.a(uip-ds6-route.o)
                0x00007a1c                uip_ds6_defrt_add
 .text.uip_ds6_defrt_choose
                0x00007a90       0x3a contiki-sky.a(uip-ds6-route.o)
                0x00007a90                uip_ds6_defrt_choose
 .text.uip_ds6_defrt_periodic
                0x00007aca       0x38 contiki-sky.a(uip-ds6-route.o)
                0x00007aca                uip_ds6_defrt_periodic
 .text.uip_ds6_nbr_rm
                0x00007b02       0x1a contiki-sky.a(uip-ds6-nbr.o)
                0x00007b02                uip_ds6_nbr_rm
 .text.uip_ds6_neighbors_init
                0x00007b1c        0xe contiki-sky.a(uip-ds6-nbr.o)
                0x00007b1c                uip_ds6_neighbors_init
 .text.uip_ds6_nbr_add
                0x00007b2a       0x60 contiki-sky.a(uip-ds6-nbr.o)
                0x00007b2a                uip_ds6_nbr_add
 .text.uip_ds6_nbr_get_ll
                0x00007b8a        0xc contiki-sky.a(uip-ds6-nbr.o)
                0x00007b8a                uip_ds6_nbr_get_ll
 .text.uip_ds6_nbr_lookup
                0x00007b96       0x42 contiki-sky.a(uip-ds6-nbr.o)
                0x00007b96                uip_ds6_nbr_lookup
 .text.uip_ds6_nbr_ll_lookup
                0x00007bd8        0xc contiki-sky.a(uip-ds6-nbr.o)
                0x00007bd8                uip_ds6_nbr_ll_lookup
 .text.uip_ds6_nbr_ipaddr_from_lladdr
                0x00007be4        0x6 contiki-sky.a(uip-ds6-nbr.o)
                0x00007be4                uip_ds6_nbr_ipaddr_from_lladdr
 .text.uip_ds6_nbr_lladdr_from_ipaddr
                0x00007bea       0x12 contiki-sky.a(uip-ds6-nbr.o)
                0x00007bea                uip_ds6_nbr_lladdr_from_ipaddr
 .text.uip_ds6_link_neighbor_callback
                0x00007bfc       0x2a contiki-sky.a(uip-ds6-nbr.o)
                0x00007bfc                uip_ds6_link_neighbor_callback
 .text.uip_ds6_neighbor_periodic
                0x00007c26       0xfe contiki-sky.a(uip-ds6-nbr.o)
                0x00007c26                uip_ds6_neighbor_periodic
 .text.uip_ds6_list_loop
                0x00007d24       0x86 contiki-sky.a(uip-ds6.o)
                0x00007d24                uip_ds6_list_loop
 .text.uip_ds6_prefix_add
                0x00007daa       0x80 contiki-sky.a(uip-ds6.o)
                0x00007daa                uip_ds6_prefix_add
 .text.uip_ds6_is_addr_onlink
                0x00007e2a       0x54 contiki-sky.a(uip-ds6.o)
                0x00007e2a                uip_ds6_is_addr_onlink
 .text.uip_ds6_addr_lookup
                0x00007e7e       0x2a contiki-sky.a(uip-ds6.o)
                0x00007e7e                uip_ds6_addr_lookup
 .text.uip_ds6_get_link_local
                0x00007ea8       0x3e contiki-sky.a(uip-ds6.o)
                0x00007ea8                uip_ds6_get_link_local
 .text.uip_ds6_maddr_add
                0x00007ee6       0x4c contiki-sky.a(uip-ds6.o)
                0x00007ee6                uip_ds6_maddr_add
 .text.uip_ds6_addr_add
                0x00007f32       0xc4 contiki-sky.a(uip-ds6.o)
                0x00007f32                uip_ds6_addr_add
 .text.uip_ds6_maddr_rm
                0x00007ff6        0xa contiki-sky.a(uip-ds6.o)
                0x00007ff6                uip_ds6_maddr_rm
 .text.uip_ds6_maddr_lookup
                0x00008000       0x2a contiki-sky.a(uip-ds6.o)
                0x00008000                uip_ds6_maddr_lookup
 .text.uip_ds6_addr_rm
                0x0000802a       0x54 contiki-sky.a(uip-ds6.o)
                0x0000802a                uip_ds6_addr_rm
 .text.uip_ds6_periodic
                0x0000807e       0x4a contiki-sky.a(uip-ds6.o)
                0x0000807e                uip_ds6_periodic
 .text.uip_ds6_set_addr_iid
                0x000080c8       0x14 contiki-sky.a(uip-ds6.o)
                0x000080c8                uip_ds6_set_addr_iid
 .text.get_match_length
                0x000080dc       0x44 contiki-sky.a(uip-ds6.o)
                0x000080dc                get_match_length
 .text.uip_ds6_select_src
                0x00008120       0xaa contiki-sky.a(uip-ds6.o)
                0x00008120                uip_ds6_select_src
 .text.uip_ds6_compute_reachable_time
                0x000081ca       0x3e contiki-sky.a(uip-ds6.o)
                0x000081ca                uip_ds6_compute_reachable_time
 .text.uip_ds6_init
                0x00008208      0x154 contiki-sky.a(uip-ds6.o)
                0x00008208                uip_ds6_init
 .text.uip_nd6_ns_input
                0x0000835c      0x24e contiki-sky.a(uip-nd6.o)
                0x0000835c                uip_nd6_ns_input
 .text.uip_nd6_ns_output
                0x000085aa      0x17a contiki-sky.a(uip-nd6.o)
                0x000085aa                uip_nd6_ns_output
 .text.uip_nd6_na_input
                0x00008724      0x1bc contiki-sky.a(uip-nd6.o)
                0x00008724                uip_nd6_na_input
 .text.chksum   0x000088e0       0x32 contiki-sky.a(uip6.o)
 .text.upper_layer_chksum
                0x00008912       0x56 contiki-sky.a(uip6.o)
 .text.ext_hdr_options_process
                0x00008968       0xd0 contiki-sky.a(uip6.o)
 .text.uip_add32
                0x00008a38       0x68 contiki-sky.a(uip6.o)
                0x00008a38                uip_add32
 .text.uip_add_rcv_nxt
                0x00008aa0       0x2e contiki-sky.a(uip6.o)
 .text.uip_icmp6chksum
                0x00008ace        0xa contiki-sky.a(uip6.o)
                0x00008ace                uip_icmp6chksum
 .text.uip_tcpchksum
                0x00008ad8        0xa contiki-sky.a(uip6.o)
                0x00008ad8                uip_tcpchksum
 .text.uip_udpchksum
                0x00008ae2        0xa contiki-sky.a(uip6.o)
                0x00008ae2                uip_udpchksum
 .text.uip_init
                0x00008aec       0x72 contiki-sky.a(uip6.o)
                0x00008aec                uip_init
 .text.remove_ext_hdr
                0x00008b5e       0x58 contiki-sky.a(uip6.o)
                0x00008b5e                remove_ext_hdr
 .text.uip_udp_new
                0x00008bb6       0xe4 contiki-sky.a(uip6.o)
                0x00008bb6                uip_udp_new
 .text.uip_unlisten
                0x00008c9a       0x2a contiki-sky.a(uip6.o)
                0x00008c9a                uip_unlisten
 .text.uip_process
                0x00008cc4      0xeb2 contiki-sky.a(uip6.o)
                0x00008cc4                uip_process
 .text.uip_htons
                0x00009b76        0xc contiki-sky.a(uip6.o)
                0x00009b76                uip_htons
 .text.uip_htonl
                0x00009b82       0x2e contiki-sky.a(uip6.o)
                0x00009b82                uip_htonl
 .text.process_thread_rest_manager_process
                0x00009bb0       0x4c contiki-sky.a(rest.o)
 .text.rest_init
                0x00009bfc       0x1c contiki-sky.a(rest.o)
                0x00009bfc                rest_init
 .text.rest_activate_resource
                0x00009c18        0xc contiki-sky.a(rest.o)
                0x00009c18                rest_activate_resource
 .text.rest_get_method_type
                0x00009c24       0x1a contiki-sky.a(rest.o)
                0x00009c24                rest_get_method_type
 .text.rest_invoke_restful_service
                0x00009c3e      0x110 contiki-sky.a(rest.o)
                0x00009c3e                rest_invoke_restful_service
 .text.rest_set_response_payload
                0x00009d4e        0x6 contiki-sky.a(rest.o)
                0x00009d4e                rest_set_response_payload
 .text.rest_set_header_content_type
                0x00009d54        0x6 contiki-sky.a(rest.o)
                0x00009d54                rest_set_header_content_type
 .text.init_platform
                0x00009d5a        0xc contiki-sky.a(contiki-sky-pla)
                0x00009d5a                init_platform
 .text.status   0x00009d66       0x18 contiki-sky.a(button-sensor.o)
 .text.value    0x00009d7e       0x20 contiki-sky.a(button-sensor.o)
 .text.configure
                0x00009d9e       0x4c contiki-sky.a(button-sensor.o)
 .text.irq_p2   0x00009dea       0x88 contiki-sky.a(button-sensor.o)
                0x00009dea                irq_p2
                0x00009dea                __isr_1
 .text.owreadb  0x00009e72       0x50 contiki-sky.a(ds2411.o)
 .text.ds2411_init
                0x00009ec2      0x120 contiki-sky.a(ds2411.o)
                0x00009ec2                ds2411_init
 .text.wait_ready
                0x00009fe2       0x4a contiki-sky.a(xmem.o)
 .text.xmem_init
                0x0000a02c       0x3c contiki-sky.a(xmem.o)
                0x0000a02c                xmem_init
 .text.xmem_pread
                0x0000a068       0xe0 contiki-sky.a(xmem.o)
                0x0000a068                xmem_pread
 .text.node_id_restore
                0x0000a148       0x38 contiki-sky.a(node-id.o)
                0x0000a148                node_id_restore
 .text.process_thread_sensors_process
                0x0000a180       0xc2 contiki-sky.a(sensors.o)
 .text.sensors_changed
                0x0000a242       0x2a contiki-sky.a(sensors.o)
                0x0000a242                sensors_changed
 .text.strobe   0x0000a26c       0x1c contiki-sky.a(cc2420.o)
 .text.status   0x0000a288       0x22 contiki-sky.a(cc2420.o)
 .text.getreg   0x0000a2aa       0x4c contiki-sky.a(cc2420.o)
 .text.setreg   0x0000a2f6       0x4c contiki-sky.a(cc2420.o)
 .text.set_txpower
                0x0000a342       0x24 contiki-sky.a(cc2420.o)
 .text.cc2420_receiving_packet
                0x0000a366        0xc contiki-sky.a(cc2420.o)
 .text.pending_packet
                0x0000a372        0x8 contiki-sky.a(cc2420.o)
 .text.on       0x0000a37a       0x44 contiki-sky.a(cc2420.o)
 .text.flushrx  0x0000a3be       0x6c contiki-sky.a(cc2420.o)
 .text.off      0x0000a42a       0x72 contiki-sky.a(cc2420.o)
 .text.RELEASE_LOCK
                0x0000a49c       0x28 contiki-sky.a(cc2420.o)
 .text.cc2420_prepare
                0x0000a4c4       0x82 contiki-sky.a(cc2420.o)
 .text.getrxdata
                0x0000a546       0x50 contiki-sky.a(cc2420.o)
 .text.cc2420_on
                0x0000a596       0x22 contiki-sky.a(cc2420.o)
                0x0000a596                cc2420_on
 .text.cc2420_off
                0x0000a5b8       0x30 contiki-sky.a(cc2420.o)
                0x0000a5b8                cc2420_off
 .text.cc2420_cca
                0x0000a5e8       0x82 contiki-sky.a(cc2420.o)
 .text.cc2420_read
                0x0000a66a       0xda contiki-sky.a(cc2420.o)
 .text.process_thread_cc2420_process
                0x0000a744       0x54 contiki-sky.a(cc2420.o)
 .text.cc2420_set_channel
                0x0000a798       0x80 contiki-sky.a(cc2420.o)
                0x0000a798                cc2420_set_channel
 .text.cc2420_set_pan_addr
                0x0000a818      0x13e contiki-sky.a(cc2420.o)
                0x0000a818                cc2420_set_pan_addr
 .text.cc2420_init
                0x0000a956       0xca contiki-sky.a(cc2420.o)
                0x0000a956                cc2420_init
 .text.cc2420_interrupt
                0x0000aa20       0x1e contiki-sky.a(cc2420.o)
                0x0000aa20                cc2420_interrupt
 .text.cc2420_get_txpower
                0x0000aa3e       0x1e contiki-sky.a(cc2420.o)
                0x0000aa3e                cc2420_get_txpower
 .text.cc2420_transmit
                0x0000aa5c      0x1a6 contiki-sky.a(cc2420.o)
 .text.cc2420_send
                0x0000ac02       0x12 contiki-sky.a(cc2420.o)
 .text.cc2420_port1_interrupt
                0x0000ac14       0x62 contiki-sky.a(cc2420-arch.o)
                0x0000ac14                __isr_4
                0x0000ac14                cc2420_port1_interrupt
 .text.cc2420_arch_init
                0x0000ac76       0x1a contiki-sky.a(cc2420-arch.o)
                0x0000ac76                cc2420_arch_init
 .text.uart1_active
                0x0000ac90       0x18 contiki-sky.a(uart1.o)
                0x0000ac90                uart1_active
 .text.uart1_writeb
                0x0000aca8       0x18 contiki-sky.a(uart1.o)
                0x0000aca8                uart1_writeb
 .text.uart1_init
                0x0000acc0       0xf4 contiki-sky.a(uart1.o)
                0x0000acc0                uart1_init
 .text.putchar  0x0000adb4       0x10 contiki-sky.a(uart1-putchar.o)
                0x0000adb4                putchar
 .text.msp430_init_dco
                0x0000adc4       0x82 contiki-sky.a(msp430.o)
                0x0000adc4                msp430_init_dco
 .text.msp430_add_lpm_req
                0x0000ae46        0xc contiki-sky.a(msp430.o)
                0x0000ae46                msp430_add_lpm_req
 .text.msp430_cpu_init
                0x0000ae52       0x2a contiki-sky.a(msp430.o)
                0x0000ae52                msp430_cpu_init
 .text.splhigh_
                0x0000ae7c        0x8 contiki-sky.a(msp430.o)
                0x0000ae7c                splhigh_
 .text.msp430_sync_dco
                0x0000ae84       0x6c contiki-sky.a(msp430.o)
                0x0000ae84                msp430_sync_dco
 .text.timera1  0x0000aef0       0xfe contiki-sky.a(clock.o)
                0x0000aef0                __isr_5
                0x0000aef0                timera1
 .text.clock_time
                0x0000afee       0x1a contiki-sky.a(clock.o)
                0x0000afee                clock_time
 .text.clock_init
                0x0000b008       0x28 contiki-sky.a(clock.o)
                0x0000b008                clock_init
 .text.clock_delay
                0x0000b030        0xc contiki-sky.a(clock.o)
                0x0000b030                clock_delay
 .text.clock_seconds
                0x0000b03c       0x1a contiki-sky.a(clock.o)
                0x0000b03c                clock_seconds
 .text.show_leds
                0x0000b056      0x100 contiki-sky.a(leds.o)
 .text.leds_init
                0x0000b156        0xe contiki-sky.a(leds.o)
                0x0000b156                leds_init
 .text.leds_on  0x0000b164       0x14 contiki-sky.a(leds.o)
                0x0000b164                leds_on
 .text.leds_off
                0x0000b178       0x14 contiki-sky.a(leds.o)
                0x0000b178                leds_off
 .text.leds_arch_init
                0x0000b18c        0xe contiki-sky.a(leds-arch.o)
                0x0000b18c                leds_arch_init
 .text.leds_arch_set
                0x0000b19a       0x38 contiki-sky.a(leds-arch.o)
                0x0000b19a                leds_arch_set
 .text.watchdog_interrupt
                0x0000b1d2        0x6 contiki-sky.a(watchdog.o)
                0x0000b1d2                __isr_10
                0x0000b1d2                watchdog_interrupt
 .text.watchdog_start
                0x0000b1d8       0x14 contiki-sky.a(watchdog.o)
                0x0000b1d8                watchdog_start
 .text.watchdog_periodic
                0x0000b1ec       0x12 contiki-sky.a(watchdog.o)
                0x0000b1ec                watchdog_periodic
 .text.watchdog_stop
                0x0000b1fe       0x16 contiki-sky.a(watchdog.o)
                0x0000b1fe                watchdog_stop
 .text.watchdog_init
                0x0000b214       0x12 contiki-sky.a(watchdog.o)
                0x0000b214                watchdog_init
 .text.rtimer_arch_init
                0x0000b226        0xe contiki-sky.a(rtimer-arch.o)
                0x0000b226                rtimer_arch_init
 .text.rtimer_arch_now
                0x0000b234        0xe contiki-sky.a(rtimer-arch.o)
                0x0000b234                rtimer_arch_now
 .text.timera0  0x0000b242       0x70 contiki-sky.a(rtimer-arch.o)
                0x0000b242                __isr_6
                0x0000b242                timera0
 .text.rtimer_arch_schedule
                0x0000b2b2        0x6 contiki-sky.a(rtimer-arch.o)
                0x0000b2b2                rtimer_arch_schedule
 .text.mac_call_sent_callback
                0x0000b2b8       0x14 contiki-sky.a(mac.o)
                0x0000b2b8                mac_call_sent_callback
 .text.create   0x0000b2cc      0x10a contiki-sky.a(framer-802154.o)
 .text.parse    0x0000b3d6       0xac contiki-sky.a(framer-802154.o)
 .text.rpl_purge_routes
                0x0000b482       0x96 contiki-sky.a(rpl.o)
                0x0000b482                rpl_purge_routes
 .text.rpl_remove_routes
                0x0000b518       0x22 contiki-sky.a(rpl.o)
                0x0000b518                rpl_remove_routes
 .text.rpl_remove_routes_by_nexthop
                0x0000b53a       0x46 contiki-sky.a(rpl.o)
                0x0000b53a                rpl_remove_routes_by_nexthop
 .text.rpl_add_route
                0x0000b580       0x48 contiki-sky.a(rpl.o)
                0x0000b580                rpl_add_route
 .text.rpl_link_neighbor_callback
                0x0000b5c8       0x6a contiki-sky.a(rpl.o)
                0x0000b5c8                rpl_link_neighbor_callback
 .text.rpl_ipv6_neighbor_callback
                0x0000b632       0x1e contiki-sky.a(rpl.o)
                0x0000b632                rpl_ipv6_neighbor_callback
 .text.rpl_init
                0x0000b650       0x40 contiki-sky.a(rpl.o)
                0x0000b650                rpl_init
 .text.lollipop_greater_than
                0x0000b690       0x3c contiki-sky.a(rpl-dag.o)
 .text.find_parent_any_dag_any_instance
                0x0000b6cc       0x14 contiki-sky.a(rpl-dag.o)
 .text.rpl_set_preferred_parent
                0x0000b6e0       0x30 contiki-sky.a(rpl-dag.o)
 .text.set_ip_from_prefix
                0x0000b710       0x38 contiki-sky.a(rpl-dag.o)
 .text.check_prefix
                0x0000b748       0x80 contiki-sky.a(rpl-dag.o)
 .text.rpl_dag_init
                0x0000b7c8        0xe contiki-sky.a(rpl-dag.o)
                0x0000b7c8                rpl_dag_init
 .text.rpl_get_parent_ipaddr
                0x0000b7d6       0x10 contiki-sky.a(rpl-dag.o)
                0x0000b7d6                rpl_get_parent_ipaddr
 .text.rpl_set_prefix
                0x0000b7e6       0x8e contiki-sky.a(rpl-dag.o)
                0x0000b7e6                rpl_set_prefix
 .text.rpl_set_default_route
                0x0000b874       0x64 contiki-sky.a(rpl-dag.o)
                0x0000b874                rpl_set_default_route
 .text.rpl_alloc_instance
                0x0000b8d8       0x2c contiki-sky.a(rpl-dag.o)
                0x0000b8d8                rpl_alloc_instance
 .text.rpl_add_parent
                0x0000b904       0x3c contiki-sky.a(rpl-dag.o)
                0x0000b904                rpl_add_parent
 .text.rpl_find_parent
                0x0000b940       0x1c contiki-sky.a(rpl-dag.o)
                0x0000b940                rpl_find_parent
 .text.rpl_find_parent_any_dag
                0x0000b95c       0x24 contiki-sky.a(rpl-dag.o)
                0x0000b95c                rpl_find_parent_any_dag
 .text.rpl_select_parent
                0x0000b980       0x5c contiki-sky.a(rpl-dag.o)
                0x0000b980                rpl_select_parent
 .text.rpl_select_dag
                0x0000b9dc      0x1ae contiki-sky.a(rpl-dag.o)
                0x0000b9dc                rpl_select_dag
 .text.rpl_nullify_parent
                0x0000bb8a       0x4e contiki-sky.a(rpl-dag.o)
                0x0000bb8a                rpl_nullify_parent
 .text.rpl_remove_parent
                0x0000bbd8       0x16 contiki-sky.a(rpl-dag.o)
                0x0000bbd8                rpl_remove_parent
 .text.remove_parents.constprop.5
                0x0000bbee       0x32 contiki-sky.a(rpl-dag.o)
 .text.rpl_free_dag
                0x0000bc20       0x34 contiki-sky.a(rpl-dag.o)
                0x0000bc20                rpl_free_dag
 .text.rpl_free_instance
                0x0000bc54       0x5c contiki-sky.a(rpl-dag.o)
                0x0000bc54                rpl_free_instance
 .text.rpl_move_parent
                0x0000bcb0       0x6e contiki-sky.a(rpl-dag.o)
                0x0000bcb0                rpl_move_parent
 .text.rpl_get_any_dag
                0x0000bd1e       0x16 contiki-sky.a(rpl-dag.o)
                0x0000bd1e                rpl_get_any_dag
 .text.rpl_get_instance
                0x0000bd34       0x16 contiki-sky.a(rpl-dag.o)
                0x0000bd34                rpl_get_instance
 .text.get_dag  0x0000bd4a       0x58 contiki-sky.a(rpl-dag.o)
 .text.rpl_alloc_dag
                0x0000bda2       0x66 contiki-sky.a(rpl-dag.o)
                0x0000bda2                rpl_alloc_dag
 .text.rpl_repair_root
                0x0000be08       0x4c contiki-sky.a(rpl-dag.o)
                0x0000be08                rpl_repair_root
 .text.rpl_find_of
                0x0000be54       0x10 contiki-sky.a(rpl-dag.o)
                0x0000be54                rpl_find_of
 .text.rpl_join_instance
                0x0000be64      0x13c contiki-sky.a(rpl-dag.o)
                0x0000be64                rpl_join_instance
 .text.rpl_local_repair
                0x0000bfa0       0x80 contiki-sky.a(rpl-dag.o)
                0x0000bfa0                rpl_local_repair
 .text.rpl_process_parent_event
                0x0000c020       0x80 contiki-sky.a(rpl-dag.o)
                0x0000c020                rpl_process_parent_event
 .text.rpl_recalculate_ranks
                0x0000c0a0       0x42 contiki-sky.a(rpl-dag.o)
                0x0000c0a0                rpl_recalculate_ranks
 .text.rpl_add_dag
                0x0000c0e2      0x112 contiki-sky.a(rpl-dag.o)
                0x0000c0e2                rpl_add_dag
 .text.rpl_process_dio
                0x0000c1f4      0x274 contiki-sky.a(rpl-dag.o)
                0x0000c1f4                rpl_process_dio
 .text.get32    0x0000c468       0x46 contiki-sky.a(rpl-icmp6.o)
 .text.set32    0x0000c4ae       0x2a contiki-sky.a(rpl-icmp6.o)
 .text.get16    0x0000c4d8        0xe contiki-sky.a(rpl-icmp6.o)
 .text.set16    0x0000c4e6       0x10 contiki-sky.a(rpl-icmp6.o)
 .text.dis_output
                0x0000c4f6       0x50 contiki-sky.a(rpl-icmp6.o)
                0x0000c4f6                dis_output
 .text.dio_output
                0x0000c546      0x264 contiki-sky.a(rpl-icmp6.o)
                0x0000c546                dio_output
 .text.dao_output_target
                0x0000c7aa       0xdc contiki-sky.a(rpl-icmp6.o)
                0x0000c7aa                dao_output_target
 .text.dao_output
                0x0000c886       0x7e contiki-sky.a(rpl-icmp6.o)
                0x0000c886                dao_output
 .text.dao_ack_output
                0x0000c904       0x32 contiki-sky.a(rpl-icmp6.o)
                0x0000c904                dao_ack_output
 .text.uip_rpl_input
                0x0000c936      0x52a contiki-sky.a(rpl-icmp6.o)
                0x0000c936                uip_rpl_input
 .text.new_dio_interval
                0x0000ce60       0x92 contiki-sky.a(rpl-timers.o)
 .text.handle_periodic_timer
                0x0000cef2       0x2e contiki-sky.a(rpl-timers.o)
 .text.handle_dao_timer
                0x0000cf20       0x50 contiki-sky.a(rpl-timers.o)
 .text.handle_dio_timer
                0x0000cf70       0x82 contiki-sky.a(rpl-timers.o)
 .text.rpl_reset_periodic_timer
                0x0000cff2       0x54 contiki-sky.a(rpl-timers.o)
                0x0000cff2                rpl_reset_periodic_timer
 .text.rpl_reset_dio_timer
                0x0000d046       0x18 contiki-sky.a(rpl-timers.o)
                0x0000d046                rpl_reset_dio_timer
 .text.rpl_schedule_dao
                0x0000d05e       0x4e contiki-sky.a(rpl-timers.o)
                0x0000d05e                rpl_schedule_dao
 .text.reset    0x0000d0ac        0x2 contiki-sky.a(rpl-mrhof.o)
 .text.neighbor_link_callback
                0x0000d0ae       0x86 contiki-sky.a(rpl-mrhof.o)
 .text.calculate_rank
                0x0000d134       0x2c contiki-sky.a(rpl-mrhof.o)
 .text.update_metric_container
                0x0000d160        0x6 contiki-sky.a(rpl-mrhof.o)
 .text.best_dag
                0x0000d166       0x2e contiki-sky.a(rpl-mrhof.o)
 .text.best_parent
                0x0000d194       0x52 contiki-sky.a(rpl-mrhof.o)
 .text.rpl_verify_header
                0x0000d1e6       0xb4 contiki-sky.a(rpl-ext-header.)
                0x0000d1e6                rpl_verify_header
 .text.rpl_update_header_empty
                0x0000d29a       0xf8 contiki-sky.a(rpl-ext-header.)
                0x0000d29a                rpl_update_header_empty
 .text.rpl_update_header_final
                0x0000d392       0x88 contiki-sky.a(rpl-ext-header.)
                0x0000d392                rpl_update_header_final
 .text.rpl_invert_header
                0x0000d41a       0x4e contiki-sky.a(rpl-ext-header.)
                0x0000d41a                rpl_invert_header
 .text.rpl_insert_header
                0x0000d468       0x1c contiki-sky.a(rpl-ext-header.)
                0x0000d468                rpl_insert_header
 .text.stimer_set
                0x0000d484       0x1c contiki-sky.a(stimer.o)
                0x0000d484                stimer_set
 .text.stimer_expired
                0x0000d4a0       0x30 contiki-sky.a(stimer.o)
                0x0000d4a0                stimer_expired
 .text.uip_icmp6_echo_request_input
                0x0000d4d0      0x12c contiki-sky.a(uip-icmp6.o)
                0x0000d4d0                uip_icmp6_echo_request_input
 .text.uip_icmp6_error_output
                0x0000d5fc      0x17e contiki-sky.a(uip-icmp6.o)
                0x0000d5fc                uip_icmp6_error_output
 .text.uip_icmp6_send
                0x0000d77a       0x94 contiki-sky.a(uip-icmp6.o)
                0x0000d77a                uip_icmp6_send
 .text.coap_set_service_callback
                0x0000d80e        0x6 contiki-sky.a(coap-server.o)
                0x0000d80e                coap_set_service_callback
 .text.parse_message
                0x0000d814      0x176 contiki-sky.a(coap-server.o)
                0x0000d814                parse_message
 .text.coap_set_option
                0x0000d98a       0x8a contiki-sky.a(coap-server.o)
                0x0000d98a                coap_set_option
 .text.coap_get_option
                0x0000da14       0x20 contiki-sky.a(coap-server.o)
                0x0000da14                coap_get_option
 .text.coap_set_payload
                0x0000da34       0x28 contiki-sky.a(coap-server.o)
                0x0000da34                coap_set_payload
 .text.coap_set_header_content_type
                0x0000da5c       0x14 contiki-sky.a(coap-server.o)
                0x0000da5c                coap_set_header_content_type
 .text.coap_get_header_subscription_lifetime
                0x0000da70       0x2e contiki-sky.a(coap-server.o)
                0x0000da70                coap_get_header_subscription_lifetime
 .text.coap_set_header_subscription_lifetime
                0x0000da9e       0x20 contiki-sky.a(coap-server.o)
                0x0000da9e                coap_set_header_subscription_lifetime
 .text.coap_set_header_uri
                0x0000dabe       0x1a contiki-sky.a(coap-server.o)
                0x0000dabe                coap_set_header_uri
 .text.process_thread_coap_server
                0x0000dad8      0x23e contiki-sky.a(coap-server.o)
 .text.coap_set_code
                0x0000dd16        0x6 contiki-sky.a(coap-server.o)
                0x0000dd16                coap_set_code
 .text.coap_get_method
                0x0000dd1c        0x6 contiki-sky.a(coap-server.o)
                0x0000dd1c                coap_get_method
 .text.read_int
                0x0000dd22       0x30 contiki-sky.a(rest-util.o)
                0x0000dd22                read_int
 .text.write_int
                0x0000dd52       0x48 contiki-sky.a(rest-util.o)
                0x0000dd52                write_int
 .text.write_variable_int
                0x0000dd9a       0x2c contiki-sky.a(rest-util.o)
                0x0000dd9a                write_variable_int
 .text.delete_buffer
                0x0000ddc6       0x1a contiki-sky.a(buffer.o)
                0x0000ddc6                delete_buffer
 .text.init_buffer
                0x0000dde0       0x22 contiki-sky.a(buffer.o)
                0x0000dde0                init_buffer
 .text.allocate_buffer
                0x0000de02       0x2a contiki-sky.a(buffer.o)
                0x0000de02                allocate_buffer
 .text.copy_to_buffer
                0x0000de2c       0x28 contiki-sky.a(buffer.o)
                0x0000de2c                copy_to_buffer
 .text.spi_init
                0x0000de54       0x30 contiki-sky.a(spi.o)
                0x0000de54                spi_init
 .text.field_len
                0x0000de84       0x90 contiki-sky.a(frame802154.o)
 .text.frame802154_hdrlen
                0x0000df14       0x2e contiki-sky.a(frame802154.o)
                0x0000df14                frame802154_hdrlen
 .text.frame802154_create
                0x0000df42      0x172 contiki-sky.a(frame802154.o)
                0x0000df42                frame802154_create
 .text.frame802154_parse
                0x0000e0b4      0x1c4 contiki-sky.a(frame802154.o)
                0x0000e0b4                frame802154_parse
 .text.uip_udp_packet_send
                0x0000e278       0x2e contiki-sky.a(uip-udp-packet.)
                0x0000e278                uip_udp_packet_send
 .text.init_packet
                0x0000e2a6       0x32 contiki-sky.a(coap-common.o)
                0x0000e2a6                init_packet
 .text.serialize_packet
                0x0000e2d8       0xe8 contiki-sky.a(coap-common.o)
                0x0000e2d8                serialize_packet
 .text.libgcc   0x0000e3c0       0x2c /usr/local/msp430/bin/../lib/gcc/msp430/4.7.0/mmpy-16/libgcc.a(_mulsi3.o)
                0x0000e3c0                __mulsi3
 .text.libgcc   0x0000e3ec       0x22 /usr/local/msp430/bin/../lib/gcc/msp430/4.7.0/mmpy-16/libgcc.a(_udivmod16.o)
                0x0000e3ec                __udivhi3
                0x0000e3ec                __ext_udivmod16
                0x0000e406                __umodhi3
 .text.libgcc   0x0000e40e       0x3a /usr/local/msp430/bin/../lib/gcc/msp430/4.7.0/mmpy-16/libgcc.a(_divmod16.o)
                0x0000e40e                __ext_divmod16
                0x0000e40e                __divhi3
                0x0000e440                __modhi3
 .text.libgcc   0x0000e448       0x40 /usr/local/msp430/bin/../lib/gcc/msp430/4.7.0/mmpy-16/libgcc.a(_udivmod32.o)
                0x0000e448                __udivsi3
                0x0000e448                __ext_udivmod32
                0x0000e47e                __umodsi3
 .text.malloc   0x0000e488       0xd0 /usr/local/msp430/bin/../lib/gcc/msp430/4.7.0/../../../../msp430/lib/mmpy-16/libc.a(malloc.o)
                0x0000e488                malloc
 .text.free     0x0000e558        0x6 /usr/local/msp430/bin/../lib/gcc/msp430/4.7.0/../../../../msp430/lib/mmpy-16/libc.a(malloc.o)
                0x0000e558                free
 .text.printf   0x0000e55e       0x10 /usr/local/msp430/bin/../lib/gcc/msp430/4.7.0/../../../../msp430/lib/mmpy-16/libc.a(printf.o)
                0x0000e55e                printf
 .text.append   0x0000e56e       0x22 /usr/local/msp430/bin/../lib/gcc/msp430/4.7.0/../../../../msp430/lib/mmpy-16/libc.a(sprintf.o)
 .text.call_vuprintf
                0x0000e590       0x3a /usr/local/msp430/bin/../lib/gcc/msp430/4.7.0/../../../../msp430/lib/mmpy-16/libc.a(sprintf.o)
 .text.sprintf  0x0000e5ca       0x1c /usr/local/msp430/bin/../lib/gcc/msp430/4.7.0/../../../../msp430/lib/mmpy-16/libc.a(sprintf.o)
                0x0000e5ca                sprintf
 .text.print_field
                0x0000e5e6      0x194 /usr/local/msp430/bin/../lib/gcc/msp430/4.7.0/../../../../msp430/lib/mmpy-16/libc.a(vuprintf.o)
 .text.vuprintf
                0x0000e77a      0x63c /usr/local/msp430/bin/../lib/gcc/msp430/4.7.0/../../../../msp430/lib/mmpy-16/libc.a(vuprintf.o)
                0x0000e77a                vuprintf
 .text.puts     0x0000edb6       0x2c /usr/local/msp430/bin/../lib/gcc/msp430/4.7.0/../../../../msp430/lib/mmpy-16/libc.a(puts.o)
                0x0000edb6                puts
 .text.rand     0x0000ede2       0x26 /usr/local/msp430/bin/../lib/gcc/msp430/4.7.0/../../../../msp430/lib/mmpy-16/libc.a(rand.o)
                0x0000ede2                rand
 .text.srand    0x0000ee08        0xa /usr/local/msp430/bin/../lib/gcc/msp430/4.7.0/../../../../msp430/lib/mmpy-16/libc.a(rand.o)
                0x0000ee08                srand
 .text.strchr   0x0000ee12       0x16 /usr/local/msp430/bin/../lib/gcc/msp430/4.7.0/../../../../msp430/lib/mmpy-16/libc.a(strchr.o)
                0x0000ee12                strchr
 .text.strncmp  0x0000ee28       0x2a /usr/local/msp430/bin/../lib/gcc/msp430/4.7.0/../../../../msp430/lib/mmpy-16/libc.a(strncmp.o)
                0x0000ee28                strncmp
 .text.memcmp   0x0000ee52       0x30 /usr/local/msp430/bin/../lib/gcc/msp430/4.7.0/../../../../msp430/lib/mmpy-16/libc.a(memcmp.o)
                0x0000ee52                memcmp
 .text.strcpy   0x0000ee82       0x14 /usr/local/msp430/bin/../lib/gcc/msp430/4.7.0/../../../../msp430/lib/mmpy-16/libc.a(strcpy.o)
                0x0000ee82                strcpy
 .text.memcpy   0x0000ee96       0xfa /usr/local/msp430/bin/../lib/gcc/msp430/4.7.0/../../../../msp430/lib/mmpy-16/libc.a(memcpy.o)
                0x0000ee96                memcpy
 .text.memmove  0x0000ef90       0xfa /usr/local/msp430/bin/../lib/gcc/msp430/4.7.0/../../../../msp430/lib/mmpy-16/libc.a(memmove.o)
                0x0000ef90                memmove
 .text.memset   0x0000f08a       0x6a /usr/local/msp430/bin/../lib/gcc/msp430/4.7.0/../../../../msp430/lib/mmpy-16/libc.a(memset.o)
                0x0000f08a                memset
 .text.libgcc   0x0000f0f4       0xf0 /usr/local/msp430/bin/../lib/gcc/msp430/4.7.0/mmpy-16/libgcc.a(_udivmod64.o)
                0x0000f0f4                __xabi_udivmod64
                0x0000f152                __udivdi3
                0x0000f178                __umoddi3
                0x0000f1a6                __udivmoddi4
 .text.crt0     0x0000f1e4        0x2 /usr/local/msp430/bin/../lib/gcc/msp430/4.7.0/mmpy-16/libcrt0.a(_unexpected_.o)
                0x0000f1e4                _unexpected_
 *(.near.text .near.text.*)

.rodata         0x0000f1e8      0x2f3
                0x0000f1e8                . = ALIGN (0x2)
 *(.rodata .rodata.* .gnu.linkonce.r.*)
 .rodata        0x0000f1e8       0xda sensor.co
                0x0000f28a                autostart_processes
 .rodata        0x0000f2c2      0x10b obj_sky/contiki-sky-main.o
 *fill*         0x0000f3cd        0x1 00
 .rodata        0x0000f3ce        0x8 contiki-sky.a(rimeaddr.o)
                0x0000f3ce                rimeaddr_null
 .rodata        0x0000f3d6       0x14 contiki-sky.a(csma.o)
                0x0000f3dc                csma_driver
 .rodata        0x0000f3ea       0x1c contiki-sky.a(contikimac.o)
                0x0000f3f6                contikimac_driver
 .rodata        0x0000f406        0xc contiki-sky.a(etimer.o)
 .rodata        0x0000f412        0xf contiki-sky.a(ctimer.o)
 *fill*         0x0000f421        0x1 00
 .rodata        0x0000f422       0x24 contiki-sky.a(sicslowpan.o)
                0x0000f42e                sicslowpan_driver
                0x0000f434                llprefix
                0x0000f436                unc_mxconf
                0x0000f43a                unc_ctxconf
                0x0000f43e                unc_llconf
 .rodata        0x0000f446        0xd contiki-sky.a(tcpip.o)
 *fill*         0x0000f453        0x1 00
 .rodata.uip_process
                0x0000f454       0x20 contiki-sky.a(uip6.o)
 .rodata        0x0000f474       0x14 contiki-sky.a(rest.o)
 .rodata        0x0000f488       0x10 contiki-sky.a(button-sensor.o)
                0x0000f490                button_sensor
 .rodata        0x0000f498        0x8 contiki-sky.a(sensors.o)
 .rodata        0x0000f4a0       0x22 contiki-sky.a(cc2420.o)
                0x0000f4a0                cc2420_driver
 .rodata        0x0000f4c2        0x4 contiki-sky.a(framer-802154.o)
                0x0000f4c2                framer_802154
 .rodata        0x0000f4c6        0xc contiki-sky.a(coap-server.o)
 .rodata        0x0000f4d2        0x2 contiki-sky.a(frame802154.o)
 .rodata.vuprintf
                0x0000f4d4        0x7 /usr/local/msp430/bin/../lib/gcc/msp430/4.7.0/../../../../msp430/lib/mmpy-16/libc.a(vuprintf.o)
 *(.near.rodata .near.rodata.*)
                0x0000f4dc                . = ALIGN (0x2)
                0x0000f4dc                _etext = .

.data           0x00001100      0x106 load address 0x0000f4dc
                0x00001100                . = ALIGN (0x2)
                0x00001100                __data_start = .
 *(.data .data.* .gnu.linkonce.d.*)
 .data          0x00001100       0x34 sensor.co
                0x00001100                coap_sensor
                0x0000110a                resource_value
                0x00001118                resource_discover
                0x00001126                resource_printer
 .data          0x00001134       0x18 contiki-sky.a(csma.o)
 .data          0x0000114c       0x10 contiki-sky.a(phase.o)
 .data          0x0000115c        0xa contiki-sky.a(etimer.o)
                0x0000115c                etimer_process
 .data          0x00001166        0xa contiki-sky.a(ctimer.o)
                0x00001166                ctimer_process
 .data          0x00001170        0x8 contiki-sky.a(nbr-table.o)
 .data          0x00001178       0x18 contiki-sky.a(queuebuf.o)
 .data          0x00001190        0xa contiki-sky.a(tcpip.o)
                0x00001190                tcpip_process
 .data          0x0000119a       0x18 contiki-sky.a(uip-ds6-route.o)
 .data          0x000011b2        0xa contiki-sky.a(uip-ds6-nbr.o)
                0x000011b2                ds6_neighbors
 .data          0x000011bc        0xa contiki-sky.a(rest.o)
                0x000011bc                rest_manager_process
 .data          0x000011c6        0x4 contiki-sky.a(contiki-sky-pla)
                0x000011c6                sensors
 .data          0x000011ca        0xa contiki-sky.a(sensors.o)
                0x000011ca                sensors_process
 .data          0x000011d4        0xa contiki-sky.a(cc2420.o)
                0x000011d4                cc2420_process
 .data          0x000011de        0x2 contiki-sky.a(msp430.o)
 .data          0x000011e0        0x8 contiki-sky.a(rpl-dag.o)
 .data          0x000011e8        0x1 contiki-sky.a(rpl-icmp6.o)
 *fill*         0x000011e9        0x1 00
 .data          0x000011ea        0xe contiki-sky.a(rpl-mrhof.o)
                0x000011ea                rpl_mrhof
 .data          0x000011f8        0xa contiki-sky.a(coap-server.o)
                0x000011f8                coap_server
 .data.next     0x00001202        0x4 /usr/local/msp430/bin/../lib/gcc/msp430/4.7.0/../../../../msp430/lib/mmpy-16/libc.a(rand.o)
 *(.near.data .near.data.*)
                0x00001206                . = ALIGN (0x2)
                0x00001206                _edata = .
                0x0000f4dc                __data_load_start = LOADADDR (.data)
                0x00000106                __data_size = SIZEOF (.data)

.bss            0x00001206     0x1c48 load address 0x0000f5e2
                0x00001206                __bss_start = .
 *(.bss .bss.*)
 .bss           0x00001206        0x2 sensor.co
 .bss           0x00001208        0xc obj_sky/contiki-sky-main.o
 .bss           0x00001214       0xc2 contiki-sky.a(csma.o)
 .bss           0x000012d6       0xd4 contiki-sky.a(contikimac.o)
 .bss           0x000013aa      0x1d8 contiki-sky.a(phase.o)
 .bss           0x00001582       0x42 contiki-sky.a(process.o)
                0x00001582                process_current
                0x00001584                process_list
 .bss           0x000015c4        0x8 contiki-sky.a(compower.o)
 .bss           0x000015cc        0x6 contiki-sky.a(etimer.o)
 .bss           0x000015d2        0x4 contiki-sky.a(ctimer.o)
 .bss           0x000015d6        0x2 contiki-sky.a(rtimer.o)
 .bss           0x000015d8      0x118 contiki-sky.a(nbr-table.o)
 .bss           0x000016f0       0xba contiki-sky.a(packetbuf.o)
 .bss           0x000017aa      0x71e contiki-sky.a(queuebuf.o)
 .bss           0x00001ec8      0x122 contiki-sky.a(sicslowpan.o)
 .bss           0x00001fea       0x36 contiki-sky.a(tcpip.o)
 .bss           0x00002020      0x2fc contiki-sky.a(uip-ds6-route.o)
 .bss           0x0000231c      0x2d0 contiki-sky.a(uip-ds6-nbr.o)
 .bss           0x000025ec       0x18 contiki-sky.a(uip-ds6.o)
 .bss           0x00002604        0xa contiki-sky.a(uip-nd6.o)
 .bss           0x0000260e        0xe contiki-sky.a(uip6.o)
                0x0000260e                uip_ext_opt_offset
                0x0000260f                uip_ext_len
                0x00002610                uip_ext_bitmap
 .bss           0x0000261c        0x4 contiki-sky.a(rest.o)
 .bss           0x00002620        0x8 contiki-sky.a(button-sensor.o)
 .bss           0x00002628        0x2 contiki-sky.a(node-id.o)
                0x00002628                node_id
 .bss           0x0000262a        0x6 contiki-sky.a(sensors.o)
 .bss           0x00002630        0xa contiki-sky.a(cc2420.o)
 .bss           0x0000263a       0x9a contiki-sky.a(uart1.o)
 .bss           0x000026d4        0xa contiki-sky.a(clock.o)
 .bss           0x000026de        0x2 contiki-sky.a(leds.o)
 .bss           0x000026e0        0x2 contiki-sky.a(watchdog.o)
 .bss           0x000026e2        0x2 contiki-sky.a(framer-802154.o)
 .bss           0x000026e4       0xc8 contiki-sky.a(rpl-dag.o)
 .bss           0x000027ac       0x18 contiki-sky.a(rpl-timers.o)
 .bss           0x000027c4       0x10 contiki-sky.a(uip-icmp6.o)
 .bss           0x000027d4        0x6 contiki-sky.a(coap-server.o)
 .bss.once.1520
                0x000027da        0x1 /usr/local/msp430/bin/../lib/gcc/msp430/4.7.0/../../../../msp430/lib/mmpy-16/libc.a(malloc.o)
 *fill*         0x000027db        0x1 00
 .bss.destination_
                0x000027dc        0x2 /usr/local/msp430/bin/../lib/gcc/msp430/4.7.0/../../../../msp430/lib/mmpy-16/libc.a(sprintf.o)
 .bss.available_
                0x000027de        0x2 /usr/local/msp430/bin/../lib/gcc/msp430/4.7.0/../../../../msp430/lib/mmpy-16/libc.a(sprintf.o)
 *(.near.bss .near.bss.*)
 *(COMMON)
 COMMON         0x000027e0       0x64 sensor.co
                0x000027e0                temp
 COMMON         0x00002844        0x8 contiki-sky.a(rimeaddr.o)
                0x00002844                rimeaddr_node_addr
 COMMON         0x0000284c        0x1 contiki-sky.a(process.o)
                0x0000284c                process_maxevents
 *fill*         0x0000284d        0x1 00
 COMMON         0x0000284e        0x8 contiki-sky.a(compower.o)
                0x0000284e                compower_idle_activity
 COMMON         0x00002856       0x56 contiki-sky.a(energest.o)
                0x00002856                energest_total_time
                0x00002886                energest_total_count
                0x00002888                energest_current_mode
                0x00002894                energest_current_time
 COMMON         0x000028ac       0x50 contiki-sky.a(packetbuf.o)
                0x000028ac                packetbuf_addrs
                0x000028cc                packetbuf_attrs
 COMMON         0x000028fc        0x8 contiki-sky.a(sicslowpan.o)
                0x000028fc                frag_sender
 COMMON         0x00002904        0x1 contiki-sky.a(tcpip.o)
                0x00002904                tcpip_event
 *fill*         0x00002905        0x1 00
 COMMON         0x00002906      0x15c contiki-sky.a(uip-ds6.o)
                0x00002906                uip_ds6_timer_ra
                0x0000290e                uip_ds6_if
                0x000029fa                uip_ds6_netif_addr_list_offset
                0x000029fb                uip_ds6_addr_size
                0x000029fc                uip_ds6_prefix_list
                0x00002a56                uip_ds6_timer_periodic
 COMMON         0x00002a62      0x304 contiki-sky.a(uip6.o)
                0x00002a62                uip_len
                0x00002a64                uip_sappdata
                0x00002a66                uip_acc32
                0x00002a6a                uip_lladdr
                0x00002a72                uip_aligned_buf
                0x00002b62                uip_flags
                0x00002b64                uip_next_hdr
                0x00002b66                uip_udp_conn
                0x00002b68                uip_appdata
                0x00002b6a                uip_conn
                0x00002b6c                uip_conns
                0x00002c1c                uip_listenports
                0x00002c2c                uip_slen
                0x00002c2e                uip_udp_conns
 COMMON         0x00002d66        0x2 contiki-sky.a(contiki-sky-pla)
                0x00002d66                sensors_flags
 COMMON         0x00002d68        0x8 contiki-sky.a(ds2411.o)
                0x00002d68                ds2411_id
 COMMON         0x00002d70        0x1 contiki-sky.a(sensors.o)
                0x00002d70                sensors_event
 *fill*         0x00002d71        0x1 00
 COMMON         0x00002d72       0x14 contiki-sky.a(cc2420.o)
                0x00002d72                cc2420_last_rssi
                0x00002d74                cc2420_packets_read
                0x00002d76                cc2420_packets_seen
                0x00002d78                cc2420_sfd_start_time
                0x00002d7a                cc2420_time_of_departure
                0x00002d7c                cc2420_time_of_arrival
                0x00002d7e                cc2420_last_correlation
                0x00002d80                cc2420_authority_level_of_sender
                0x00002d82                cc2420_sfd_counter
                0x00002d84                cc2420_sfd_end_time
 COMMON         0x00002d86        0x2 contiki-sky.a(msp430.o)
                0x00002d86                msp430_dco_required
 COMMON         0x00002d88       0xbe contiki-sky.a(rpl-dag.o)
                0x00002d88                default_instance
                0x00002d8a                instance_table
 COMMON         0x00002e46        0x1 contiki-sky.a(coap-server.o)
                0x00002e46                resource_changed_event
 *fill*         0x00002e47        0x1 00
 COMMON         0x00002e48        0x6 contiki-sky.a(buffer.o)
                0x00002e48                buffer_size
                0x00002e4a                data_buffer
                0x00002e4c                buffer_index
                0x00002e4e                . = ALIGN (0x2)
                0x00002e4e                __bss_end = .
                0x00001c48                __bss_size = SIZEOF (.bss)

.noinit         0x00002e4e        0x2 load address 0x0000f5e2
                0x00002e4e                . = ALIGN (0x2)
                0x00002e4e                __noinit_start = .
 *(.noinit .noinit.*)
 .noinit.crt0   0x00002e4e        0x2 /usr/local/msp430/bin/../lib/gcc/msp430/4.7.0/mmpy-16/libcrt0.a(__watchdog_support.o)
                0x00002e4e                __wdt_clear_value
                0x00002e50                . = ALIGN (0x2)
                0x00002e50                __noinit_end = .
                0x00002e50                . = ALIGN (0x2)
                0x00002e50                _end = .

.infomem        0x00001000        0x0
                0x00001000                . = ALIGN (0x2)
 *(.infomem .infomem.*)

.infomemnobits  0x00001000        0x0
                0x00001000                . = ALIGN (0x2)
 *(.infomemnobits .infomemnobits.*)

.infoa          0x00001080        0x0
                0x00001080                . = ALIGN (0x2)
 *(.infoa .infoa.*)

.infob          0x00001000        0x0
                0x00001000                . = ALIGN (0x2)
 *(.infob .infob.*)

.infoc          0x00000000        0x0
                0x00000000                . = ALIGN (0x2)
 *(.infoc .infoc.*)

.infod          0x00000000        0x0
                0x00000000                . = ALIGN (0x2)
 *(.infod .infod.*)

.vectors        0x0000ffe0       0x20
                0x0000ffe0                __vectors_start = .
 *(.vectors*)
 .vectors       0x0000ffe0       0x20 /usr/local/msp430/bin/../lib/gcc/msp430/4.7.0/mmpy-16/crt0ivtbl16.o
                0x0000ffe0                __ivtbl_16
                0x00010000                _vectors_end = .

.fartext        0x00000000        0x0
                0x00000000                . = ALIGN (0x2)
 *(.fartext .fartext.*)

.far.text       0x00000000        0x0
                0x00000000                . = ALIGN (0x2)
 *(.far.text .far.text.*)

.far.rodata     0x00000000        0x0
                0x00000000                . = ALIGN (0x2)
 *(.far.rodata .far.rodata.*)
                0x00000000                . = ALIGN (0x2)
                0x00000000                _efartext = .

.far.data       0x00000000        0x0
                0x00000000                . = ALIGN (0x2)
                0x00000000                __far_data_start = .
 *(.far.data .far.data.*)
                0x00000000                . = ALIGN (0x2)
                0x00000000                _efardata = .
                0x00000000                __far_data_load_start = LOADADDR (.far.data)
                0x00000000                __far_data_size = SIZEOF (.far.data)

.far.bss        0x00000000        0x0
                0x00000000                . = ALIGN (0x2)
                0x00000000                __far_bss_start = .
 *(.far.bss .far.bss.*)
                0x00000000                . = ALIGN (0x2)
                0x00000000                __far_bss_end = .
                0x00000000                __far_bss_size = SIZEOF (.far.bss)
                0x00000000                . = ALIGN (0x2)
                0x00000000                _far_end = .

.profiler
 *(.profiler)

.stab
 *(.stab)

.stabstr
 *(.stabstr)

.stab.excl
 *(.stab.excl)

.stab.exclstr
 *(.stab.exclstr)

.stab.index
 *(.stab.index)

.stab.indexstr
 *(.stab.indexstr)

.comment        0x00000000       0x30
 *(.comment)
 .comment       0x00000000       0x30 sensor.co
                                 0x31 (size before relaxing)
 .comment       0x00000000       0x31 obj_sky/contiki-sky-main.o
 .comment       0x00000000       0x31 contiki-sky.a(rimeaddr.o)
 .comment       0x00000000       0x31 contiki-sky.a(csma.o)
 .comment       0x00000000       0x31 contiki-sky.a(contikimac.o)
 .comment       0x00000000       0x31 contiki-sky.a(phase.o)
 .comment       0x00000000       0x31 contiki-sky.a(process.o)
 .comment       0x00000000       0x31 contiki-sky.a(autostart.o)
 .comment       0x00000000       0x31 contiki-sky.a(compower.o)
 .comment       0x00000000       0x31 contiki-sky.a(memb.o)
 .comment       0x00000000       0x31 contiki-sky.a(timer.o)
 .comment       0x00000000       0x31 contiki-sky.a(list.o)
 .comment       0x00000000       0x31 contiki-sky.a(etimer.o)
 .comment       0x00000000       0x31 contiki-sky.a(ctimer.o)
 .comment       0x00000000       0x31 contiki-sky.a(energest.o)
 .comment       0x00000000       0x31 contiki-sky.a(rtimer.o)
 .comment       0x00000000       0x31 contiki-sky.a(random.o)
 .comment       0x00000000       0x31 contiki-sky.a(nbr-table.o)
 .comment       0x00000000       0x31 contiki-sky.a(packetbuf.o)
 .comment       0x00000000       0x31 contiki-sky.a(queuebuf.o)
 .comment       0x00000000       0x31 contiki-sky.a(sicslowpan.o)
 .comment       0x00000000       0x31 contiki-sky.a(tcpip.o)
 .comment       0x00000000       0x31 contiki-sky.a(uip-ds6-route.o)
 .comment       0x00000000       0x31 contiki-sky.a(uip-ds6-nbr.o)
 .comment       0x00000000       0x31 contiki-sky.a(uip-ds6.o)
 .comment       0x00000000       0x31 contiki-sky.a(uip-nd6.o)
 .comment       0x00000000       0x31 contiki-sky.a(uip6.o)
 .comment       0x00000000       0x31 contiki-sky.a(rest.o)
 .comment       0x00000000       0x31 contiki-sky.a(contiki-sky-pla)
 .comment       0x00000000       0x31 contiki-sky.a(button-sensor.o)
 .comment       0x00000000       0x31 contiki-sky.a(ds2411.o)
 .comment       0x00000000       0x31 contiki-sky.a(xmem.o)
 .comment       0x00000000       0x31 contiki-sky.a(node-id.o)
 .comment       0x00000000       0x31 contiki-sky.a(sensors.o)
 .comment       0x00000000       0x31 contiki-sky.a(cc2420.o)
 .comment       0x00000000       0x31 contiki-sky.a(cc2420-arch.o)
 .comment       0x00000000       0x31 contiki-sky.a(uart1.o)
 .comment       0x00000000       0x31 contiki-sky.a(uart1-putchar.o)
 .comment       0x00000000       0x31 contiki-sky.a(msp430.o)
 .comment       0x00000000       0x31 contiki-sky.a(clock.o)
 .comment       0x00000000       0x31 contiki-sky.a(leds.o)
 .comment       0x00000000       0x31 contiki-sky.a(leds-arch.o)
 .comment       0x00000000       0x31 contiki-sky.a(watchdog.o)
 .comment       0x00000000       0x31 contiki-sky.a(rtimer-arch.o)
 .comment       0x00000000       0x31 contiki-sky.a(mac.o)
 .comment       0x00000000       0x31 contiki-sky.a(framer-802154.o)
 .comment       0x00000000       0x31 contiki-sky.a(rpl.o)
 .comment       0x00000000       0x31 contiki-sky.a(rpl-dag.o)
 .comment       0x00000000       0x31 contiki-sky.a(rpl-icmp6.o)
 .comment       0x00000000       0x31 contiki-sky.a(rpl-timers.o)
 .comment       0x00000000       0x31 contiki-sky.a(rpl-mrhof.o)
 .comment       0x00000000       0x31 contiki-sky.a(rpl-ext-header.)
 .comment       0x00000000       0x31 contiki-sky.a(stimer.o)
 .comment       0x00000000       0x31 contiki-sky.a(uip-icmp6.o)
 .comment       0x00000000       0x31 contiki-sky.a(coap-server.o)
 .comment       0x00000000       0x31 contiki-sky.a(rest-util.o)
 .comment       0x00000000       0x31 contiki-sky.a(buffer.o)
 .comment       0x00000000       0x31 contiki-sky.a(spi.o)
 .comment       0x00000000       0x31 contiki-sky.a(frame802154.o)
 .comment       0x00000000       0x31 contiki-sky.a(uip-udp-packet.)
 .comment       0x00000000       0x31 contiki-sky.a(coap-common.o)
 .comment       0x00000000       0x31 /usr/local/msp430/bin/../lib/gcc/msp430/4.7.0/../../../../msp430/lib/mmpy-16/libc.a(malloc.o)
 .comment       0x00000000       0x31 /usr/local/msp430/bin/../lib/gcc/msp430/4.7.0/../../../../msp430/lib/mmpy-16/libc.a(printf.o)
 .comment       0x00000000       0x31 /usr/local/msp430/bin/../lib/gcc/msp430/4.7.0/../../../../msp430/lib/mmpy-16/libc.a(sprintf.o)
 .comment       0x00000000       0x31 /usr/local/msp430/bin/../lib/gcc/msp430/4.7.0/../../../../msp430/lib/mmpy-16/libc.a(vuprintf.o)
 .comment       0x00000000       0x31 /usr/local/msp430/bin/../lib/gcc/msp430/4.7.0/../../../../msp430/lib/mmpy-16/libc.a(puts.o)
 .comment       0x00000000       0x31 /usr/local/msp430/bin/../lib/gcc/msp430/4.7.0/../../../../msp430/lib/mmpy-16/libc.a(rand.o)
 .comment       0x00000000       0x31 /usr/local/msp430/bin/../lib/gcc/msp430/4.7.0/../../../../msp430/lib/mmpy-16/libc.a(strchr.o)
 .comment       0x00000000       0x31 /usr/local/msp430/bin/../lib/gcc/msp430/4.7.0/../../../../msp430/lib/mmpy-16/libc.a(strncmp.o)
 .comment       0x00000000       0x31 /usr/local/msp430/bin/../lib/gcc/msp430/4.7.0/../../../../msp430/lib/mmpy-16/libc.a(memcmp.o)
 .comment       0x00000000       0x31 /usr/local/msp430/bin/../lib/gcc/msp430/4.7.0/../../../../msp430/lib/mmpy-16/libc.a(strcpy.o)
 .comment       0x00000000       0x31 /usr/local/msp430/bin/../lib/gcc/msp430/4.7.0/../../../../msp430/lib/mmpy-16/libc.a(memcpy.o)
 .comment       0x00000000       0x31 /usr/local/msp430/bin/../lib/gcc/msp430/4.7.0/../../../../msp430/lib/mmpy-16/libc.a(memmove.o)
 .comment       0x00000000       0x31 /usr/local/msp430/bin/../lib/gcc/msp430/4.7.0/../../../../msp430/lib/mmpy-16/libc.a(memset.o)

.debug
 *(.debug)

.line
 *(.line)

.debug_srcinfo
 *(.debug_srcinfo)

.debug_sfnames
 *(.debug_sfnames)

.debug_aranges  0x00000000      0x21c
 *(.debug_aranges)
 .debug_aranges
                0x00000000       0x14 /usr/local/msp430/bin/../lib/gcc/msp430/4.7.0/mmpy-16/crt0ivtbl16.o
 .debug_aranges
                0x00000014       0x14 /usr/local/msp430/bin/../lib/gcc/msp430/4.7.0/mmpy-16/libgcc.a(_mulsi3.o)
 .debug_aranges
                0x00000028       0x14 /usr/local/msp430/bin/../lib/gcc/msp430/4.7.0/mmpy-16/libgcc.a(_udivmod16.o)
 .debug_aranges
                0x0000003c       0x14 /usr/local/msp430/bin/../lib/gcc/msp430/4.7.0/mmpy-16/libgcc.a(_divmod16.o)
 .debug_aranges
                0x00000050       0x14 /usr/local/msp430/bin/../lib/gcc/msp430/4.7.0/mmpy-16/libgcc.a(_udivmod32.o)
 .debug_aranges
                0x00000064       0x18 /usr/local/msp430/bin/../lib/gcc/msp430/4.7.0/../../../../msp430/lib/mmpy-16/libc.a(malloc.o)
 .debug_aranges
                0x0000007c       0x18 /usr/local/msp430/bin/../lib/gcc/msp430/4.7.0/../../../../msp430/lib/mmpy-16/libc.a(printf.o)
 .debug_aranges
                0x00000094       0x28 /usr/local/msp430/bin/../lib/gcc/msp430/4.7.0/../../../../msp430/lib/mmpy-16/libc.a(sprintf.o)
 .debug_aranges
                0x000000bc       0x18 /usr/local/msp430/bin/../lib/gcc/msp430/4.7.0/../../../../msp430/lib/mmpy-16/libc.a(vuprintf.o)
 .debug_aranges
                0x000000d4       0x14 /usr/local/msp430/bin/../lib/gcc/msp430/4.7.0/../../../../msp430/lib/mmpy-16/libc.a(puts.o)
 .debug_aranges
                0x000000e8       0x1c /usr/local/msp430/bin/../lib/gcc/msp430/4.7.0/../../../../msp430/lib/mmpy-16/libc.a(rand.o)
 .debug_aranges
                0x00000104       0x14 /usr/local/msp430/bin/../lib/gcc/msp430/4.7.0/../../../../msp430/lib/mmpy-16/libc.a(strchr.o)
 .debug_aranges
                0x00000118       0x14 /usr/local/msp430/bin/../lib/gcc/msp430/4.7.0/../../../../msp430/lib/mmpy-16/libc.a(strncmp.o)
 .debug_aranges
                0x0000012c       0x14 /usr/local/msp430/bin/../lib/gcc/msp430/4.7.0/../../../../msp430/lib/mmpy-16/libc.a(memcmp.o)
 .debug_aranges
                0x00000140       0x14 /usr/local/msp430/bin/../lib/gcc/msp430/4.7.0/../../../../msp430/lib/mmpy-16/libc.a(strcpy.o)
 .debug_aranges
                0x00000154       0x14 /usr/local/msp430/bin/../lib/gcc/msp430/4.7.0/../../../../msp430/lib/mmpy-16/libc.a(memcpy.o)
 .debug_aranges
                0x00000168       0x14 /usr/local/msp430/bin/../lib/gcc/msp430/4.7.0/../../../../msp430/lib/mmpy-16/libc.a(memmove.o)
 .debug_aranges
                0x0000017c       0x14 /usr/local/msp430/bin/../lib/gcc/msp430/4.7.0/../../../../msp430/lib/mmpy-16/libc.a(memset.o)
 .debug_aranges
                0x00000190       0x14 /usr/local/msp430/bin/../lib/gcc/msp430/4.7.0/mmpy-16/libgcc.a(_udivmod64.o)
 .debug_aranges
                0x000001a4       0x14 /usr/local/msp430/bin/../lib/gcc/msp430/4.7.0/mmpy-16/libcrt0.a(__watchdog_support.o)
 .debug_aranges
                0x000001b8       0x14 /usr/local/msp430/bin/../lib/gcc/msp430/4.7.0/mmpy-16/libcrt0.a(__init_stack.o)
 .debug_aranges
                0x000001cc       0x14 /usr/local/msp430/bin/../lib/gcc/msp430/4.7.0/mmpy-16/libcrt0.a(_copy_data.o)
 .debug_aranges
                0x000001e0       0x14 /usr/local/msp430/bin/../lib/gcc/msp430/4.7.0/mmpy-16/libcrt0.a(_clear_bss.o)
 .debug_aranges
                0x000001f4       0x14 /usr/local/msp430/bin/../lib/gcc/msp430/4.7.0/mmpy-16/libcrt0.a(_endless_loop__.o)
 .debug_aranges
                0x00000208       0x14 /usr/local/msp430/bin/../lib/gcc/msp430/4.7.0/mmpy-16/libcrt0.a(_unexpected_.o)

.debug_pubnames
 *(.debug_pubnames)

.debug_info     0x00000000     0x1b71